[tanezky@TNAS-7CF3 /]# dmesg
[    0.000000] Linux version 5.15.59 (root@0f5bb0a9182d) (x86_64-tnas-linux-gnu-gcc.br_real (Buildroot 2022.02-rc1-1-g115ad9c548-dirty) 11.2.0, GNU ld (GNU Binutils) 2.37) #246 SMP Tue Sep 5 11:49:03 CST 2023
[    0.000000] Command line: BOOT_IMAGE=/boot/bzImage type=raid
[    0.000000] x86/fpu: Supporting XSAVE feature 0x001: 'x87 floating point registers'
[    0.000000] x86/fpu: Supporting XSAVE feature 0x002: 'SSE registers'
[    0.000000] x86/fpu: Supporting XSAVE feature 0x004: 'AVX registers'
[    0.000000] x86/fpu: Supporting XSAVE feature 0x200: 'Protection Keys User registers'
[    0.000000] x86/fpu: xstate_offset[2]:  576, xstate_sizes[2]:  256
[    0.000000] x86/fpu: xstate_offset[9]:  832, xstate_sizes[9]:    8
[    0.000000] x86/fpu: Enabled xstate features 0x207, context size is 840 bytes, using 'compacted' format.
[    0.000000] signal: max sigframe size: 3632
[    0.000000] BIOS-provided physical RAM map:
[    0.000000] BIOS-e820: [mem 0x0000000000000000-0x000000000009dfff] usable
[    0.000000] BIOS-e820: [mem 0x000000000009e000-0x000000000009efff] reserved
[    0.000000] BIOS-e820: [mem 0x000000000009f000-0x000000000009ffff] usable
[    0.000000] BIOS-e820: [mem 0x00000000000a0000-0x00000000000fffff] reserved
[    0.000000] BIOS-e820: [mem 0x0000000000100000-0x00000000426fafff] usable
[    0.000000] BIOS-e820: [mem 0x00000000426fb000-0x00000000426fbfff] reserved
[    0.000000] BIOS-e820: [mem 0x00000000426fc000-0x000000004313efff] usable
[    0.000000] BIOS-e820: [mem 0x000000004313f000-0x000000004313ffff] reserved
[    0.000000] BIOS-e820: [mem 0x0000000043140000-0x0000000070041fff] usable
[    0.000000] BIOS-e820: [mem 0x0000000070042000-0x0000000073141fff] reserved
[    0.000000] BIOS-e820: [mem 0x0000000073142000-0x000000007320efff] ACPI data
[    0.000000] BIOS-e820: [mem 0x000000007320f000-0x00000000732cefff] ACPI NVS
[    0.000000] BIOS-e820: [mem 0x00000000732cf000-0x0000000073efefff] reserved
[    0.000000] BIOS-e820: [mem 0x0000000073eff000-0x0000000073efffff] usable
[    0.000000] BIOS-e820: [mem 0x0000000073f00000-0x0000000079ffffff] reserved
[    0.000000] BIOS-e820: [mem 0x000000007aa00000-0x000000007abfffff] reserved
[    0.000000] BIOS-e820: [mem 0x000000007b000000-0x00000000803fffff] reserved
[    0.000000] BIOS-e820: [mem 0x00000000c0000000-0x00000000cfffffff] reserved
[    0.000000] BIOS-e820: [mem 0x00000000fe000000-0x00000000fe010fff] reserved
[    0.000000] BIOS-e820: [mem 0x00000000fec00000-0x00000000fec00fff] reserved
[    0.000000] BIOS-e820: [mem 0x00000000fed00000-0x00000000fed00fff] reserved
[    0.000000] BIOS-e820: [mem 0x00000000fed20000-0x00000000fed7ffff] reserved
[    0.000000] BIOS-e820: [mem 0x00000000fee00000-0x00000000fee00fff] reserved
[    0.000000] BIOS-e820: [mem 0x00000000ff000000-0x00000000ffffffff] reserved
[    0.000000] BIOS-e820: [mem 0x0000000100000000-0x000000087fbfffff] usable
[    0.000000] NX (Execute Disable) protection: active
[    0.000000] e820: update [mem 0x66cee018-0x66cf7457] usable ==> usable
[    0.000000] e820: update [mem 0x66cee018-0x66cf7457] usable ==> usable
[    0.000000] extended physical RAM map:
[    0.000000] reserve setup_data: [mem 0x0000000000000000-0x000000000009dfff] usable
[    0.000000] reserve setup_data: [mem 0x000000000009e000-0x000000000009efff] reserved
[    0.000000] reserve setup_data: [mem 0x000000000009f000-0x000000000009ffff] usable
[    0.000000] reserve setup_data: [mem 0x00000000000a0000-0x00000000000fffff] reserved
[    0.000000] reserve setup_data: [mem 0x0000000000100000-0x00000000426fafff] usable
[    0.000000] reserve setup_data: [mem 0x00000000426fb000-0x00000000426fbfff] reserved
[    0.000000] reserve setup_data: [mem 0x00000000426fc000-0x000000004313efff] usable
[    0.000000] reserve setup_data: [mem 0x000000004313f000-0x000000004313ffff] reserved
[    0.000000] reserve setup_data: [mem 0x0000000043140000-0x0000000066cee017] usable
[    0.000000] reserve setup_data: [mem 0x0000000066cee018-0x0000000066cf7457] usable
[    0.000000] reserve setup_data: [mem 0x0000000066cf7458-0x0000000070041fff] usable
[    0.000000] reserve setup_data: [mem 0x0000000070042000-0x0000000073141fff] reserved
[    0.000000] reserve setup_data: [mem 0x0000000073142000-0x000000007320efff] ACPI data
[    0.000000] reserve setup_data: [mem 0x000000007320f000-0x00000000732cefff] ACPI NVS
[    0.000000] reserve setup_data: [mem 0x00000000732cf000-0x0000000073efefff] reserved
[    0.000000] reserve setup_data: [mem 0x0000000073eff000-0x0000000073efffff] usable
[    0.000000] reserve setup_data: [mem 0x0000000073f00000-0x0000000079ffffff] reserved
[    0.000000] reserve setup_data: [mem 0x000000007aa00000-0x000000007abfffff] reserved
[    0.000000] reserve setup_data: [mem 0x000000007b000000-0x00000000803fffff] reserved
[    0.000000] reserve setup_data: [mem 0x00000000c0000000-0x00000000cfffffff] reserved
[    0.000000] reserve setup_data: [mem 0x00000000fe000000-0x00000000fe010fff] reserved
[    0.000000] reserve setup_data: [mem 0x00000000fec00000-0x00000000fec00fff] reserved
[    0.000000] reserve setup_data: [mem 0x00000000fed00000-0x00000000fed00fff] reserved
[    0.000000] reserve setup_data: [mem 0x00000000fed20000-0x00000000fed7ffff] reserved
[    0.000000] reserve setup_data: [mem 0x00000000fee00000-0x00000000fee00fff] reserved
[    0.000000] reserve setup_data: [mem 0x00000000ff000000-0x00000000ffffffff] reserved
[    0.000000] reserve setup_data: [mem 0x0000000100000000-0x000000087fbfffff] usable
[    0.000000] efi: EFI v2.80 by American Megatrends
[    0.000000] efi: ACPI=0x7328b000 ACPI 2.0=0x7328b014 TPMFinalLog=0x7325a000 SMBIOS=0x73bb8000 SMBIOS 3.0=0x73bb7000 MEMATTR=0x6c89a218 ESRT=0x6c92a998 TPMEventLog=0x66cf8018 
[    0.000000] SMBIOS 3.5.0 present.
[    0.000000] DMI: retsamarret 000-F4424Pro-CN36-2000/M-ADLN01, BIOS MADN0101.V04 12/22/2023
[    0.000000] tsc: Detected 800.000 MHz processor
[    0.000000] tsc: Detected 806.400 MHz TSC
[    0.000130] e820: update [mem 0x00000000-0x00000fff] usable ==> reserved
[    0.000133] e820: remove [mem 0x000a0000-0x000fffff] usable
[    0.000139] last_pfn = 0x87fc00 max_arch_pfn = 0x400000000
[    0.000178] x86/PAT: Configuration [0-7]: WB  WC  UC- UC  WB  WP  UC- WT  
[    0.000477] last_pfn = 0x73f00 max_arch_pfn = 0x400000000
[    0.009217] esrt: Reserving ESRT space from 0x000000006c92a998 to 0x000000006c92aa70.
[    0.009222] e820: update [mem 0x6c92a000-0x6c92afff] usable ==> reserved
[    0.009240] Using GB pages for direct mapping
[    0.009749] Secure boot disabled
[    0.009752] ACPI: Early table checksum verification disabled
[    0.009756] ACPI: RSDP 0x000000007328B014 000024 (v02 ALASKA)
[    0.009760] ACPI: XSDT 0x000000007328A728 0000F4 (v01 ALASKA A M I    01072009 AMI  01000013)
[    0.009765] ACPI: FACP 0x000000007320C000 000114 (v06 ALASKA A M I    01072009 AMI  01000013)
[    0.009769] ACPI: DSDT 0x0000000073196000 0753E5 (v02 ALASKA A M I    01072009 INTL 20200717)
[    0.009772] ACPI: FACS 0x00000000732CE000 000040
[    0.009774] ACPI: FIDT 0x0000000073195000 00009C (v01 ALASKA A M I    01072009 AMI  00010013)
[    0.009777] ACPI: SSDT 0x000000007320E000 00038C (v02 PmaxDv Pmax_Dev 00000001 INTL 20200717)
[    0.009780] ACPI: SSDT 0x000000007318F000 005D0B (v02 CpuRef CpuSsdt  00003000 INTL 20200717)
[    0.009782] ACPI: SSDT 0x000000007318C000 002935 (v02 SaSsdt SaSsdt   00003000 INTL 20200717)
[    0.009785] ACPI: SSDT 0x0000000073188000 0033D3 (v02 INTEL  IgfxSsdt 00003000 INTL 20200717)
[    0.009787] ACPI: HPET 0x000000007320D000 000038 (v01 ALASKA A M I    01072009 AMI  01000013)
[    0.009789] ACPI: APIC 0x0000000073187000 0001DC (v05 ALASKA A M I    01072009 AMI  01000013)
[    0.009791] ACPI: MCFG 0x0000000073186000 00003C (v01 ALASKA A M I    01072009 AMI  01000013)
[    0.009793] ACPI: SSDT 0x0000000073184000 001F1A (v02 ALASKA Ther_Rvp 00001000 INTL 20200717)
[    0.009796] ACPI: UEFI 0x0000000073241000 000048 (v01 ALASKA A M I    01072009 AMI  01000013)
[    0.009798] ACPI: NHLT 0x0000000073183000 00002D (v00 ALASKA A M I    01072009 AMI  01000013)
[    0.009800] ACPI: LPIT 0x0000000073182000 0000CC (v01 ALASKA A M I    01072009 AMI  01000013)
[    0.009802] ACPI: SSDT 0x000000007317E000 002A83 (v02 ALASKA PtidDevc 00001000 INTL 20200717)
[    0.009804] ACPI: SSDT 0x000000007317B000 002357 (v02 ALASKA TbtTypeC 00000000 INTL 20200717)
[    0.009806] ACPI: DBGP 0x000000007317A000 000034 (v01 ALASKA A M I    01072009 AMI  01000013)
[    0.009809] ACPI: DBG2 0x0000000073179000 000054 (v00 ALASKA A M I    01072009 AMI  01000013)
[    0.009811] ACPI: DMAR 0x0000000073178000 000088 (v02 INTEL  EDK2     00000002      01000013)
[    0.009813] ACPI: FPDT 0x0000000073177000 000044 (v01 ALASKA A M I    01072009 AMI  01000013)
[    0.009815] ACPI: SSDT 0x0000000073176000 00073A (v02 INTEL  xh_adl_N 00000000 INTL 20200717)
[    0.009817] ACPI: SSDT 0x0000000073172000 003AEA (v02 SocGpe SocGpe   00003000 INTL 20200717)
[    0.009820] ACPI: SSDT 0x000000007316E000 0039DA (v02 SocCmn SocCmn   00003000 INTL 20200717)
[    0.009822] ACPI: SSDT 0x000000007316D000 000144 (v02 Intel  ADebTabl 00001000 INTL 20200717)
[    0.009824] ACPI: TPM2 0x000000007316C000 00004C (v04 ALASKA A M I    00000001 AMI  00000000)
[    0.009826] ACPI: PHAT 0x000000007316B000 000611 (v01 ALASKA A M I    00000005 MSFT 0100000D)
[    0.009828] ACPI: WSMT 0x0000000073181000 000028 (v01 ALASKA A M I    01072009 AMI  00010013)
[    0.009830] ACPI: Reserving FACP table memory at [mem 0x7320c000-0x7320c113]
[    0.009832] ACPI: Reserving DSDT table memory at [mem 0x73196000-0x7320b3e4]
[    0.009833] ACPI: Reserving FACS table memory at [mem 0x732ce000-0x732ce03f]
[    0.009834] ACPI: Reserving FIDT table memory at [mem 0x73195000-0x7319509b]
[    0.009835] ACPI: Reserving SSDT table memory at [mem 0x7320e000-0x7320e38b]
[    0.009836] ACPI: Reserving SSDT table memory at [mem 0x7318f000-0x73194d0a]
[    0.009837] ACPI: Reserving SSDT table memory at [mem 0x7318c000-0x7318e934]
[    0.009838] ACPI: Reserving SSDT table memory at [mem 0x73188000-0x7318b3d2]
[    0.009839] ACPI: Reserving HPET table memory at [mem 0x7320d000-0x7320d037]
[    0.009840] ACPI: Reserving APIC table memory at [mem 0x73187000-0x731871db]
[    0.009840] ACPI: Reserving MCFG table memory at [mem 0x73186000-0x7318603b]
[    0.009841] ACPI: Reserving SSDT table memory at [mem 0x73184000-0x73185f19]
[    0.009842] ACPI: Reserving UEFI table memory at [mem 0x73241000-0x73241047]
[    0.009843] ACPI: Reserving NHLT table memory at [mem 0x73183000-0x7318302c]
[    0.009844] ACPI: Reserving LPIT table memory at [mem 0x73182000-0x731820cb]
[    0.009845] ACPI: Reserving SSDT table memory at [mem 0x7317e000-0x73180a82]
[    0.009846] ACPI: Reserving SSDT table memory at [mem 0x7317b000-0x7317d356]
[    0.009847] ACPI: Reserving DBGP table memory at [mem 0x7317a000-0x7317a033]
[    0.009848] ACPI: Reserving DBG2 table memory at [mem 0x73179000-0x73179053]
[    0.009849] ACPI: Reserving DMAR table memory at [mem 0x73178000-0x73178087]
[    0.009850] ACPI: Reserving FPDT table memory at [mem 0x73177000-0x73177043]
[    0.009851] ACPI: Reserving SSDT table memory at [mem 0x73176000-0x73176739]
[    0.009851] ACPI: Reserving SSDT table memory at [mem 0x73172000-0x73175ae9]
[    0.009852] ACPI: Reserving SSDT table memory at [mem 0x7316e000-0x731719d9]
[    0.009853] ACPI: Reserving SSDT table memory at [mem 0x7316d000-0x7316d143]
[    0.009854] ACPI: Reserving TPM2 table memory at [mem 0x7316c000-0x7316c04b]
[    0.009855] ACPI: Reserving PHAT table memory at [mem 0x7316b000-0x7316b610]
[    0.009856] ACPI: Reserving WSMT table memory at [mem 0x73181000-0x73181027]
[    0.009891] No NUMA configuration found
[    0.009892] Faking a node at [mem 0x0000000000000000-0x000000087fbfffff]
[    0.009900] NODE_DATA(0) allocated [mem 0x87fbde000-0x87fbfffff]
[    0.010204] Zone ranges:
[    0.010205]   DMA      [mem 0x0000000000001000-0x0000000000ffffff]
[    0.010208]   DMA32    [mem 0x0000000001000000-0x00000000ffffffff]
[    0.010209]   Normal   [mem 0x0000000100000000-0x000000087fbfffff]
[    0.010211] Movable zone start for each node
[    0.010213] Early memory node ranges
[    0.010214]   node   0: [mem 0x0000000000001000-0x000000000009dfff]
[    0.010216]   node   0: [mem 0x000000000009f000-0x000000000009ffff]
[    0.010217]   node   0: [mem 0x0000000000100000-0x00000000426fafff]
[    0.010218]   node   0: [mem 0x00000000426fc000-0x000000004313efff]
[    0.010219]   node   0: [mem 0x0000000043140000-0x0000000070041fff]
[    0.010220]   node   0: [mem 0x0000000073eff000-0x0000000073efffff]
[    0.010221]   node   0: [mem 0x0000000100000000-0x000000087fbfffff]
[    0.010224] Initmem setup node 0 [mem 0x0000000000001000-0x000000087fbfffff]
[    0.010229] On node 0, zone DMA: 1 pages in unavailable ranges
[    0.010230] On node 0, zone DMA: 1 pages in unavailable ranges
[    0.010269] On node 0, zone DMA: 96 pages in unavailable ranges
[    0.012090] On node 0, zone DMA32: 1 pages in unavailable ranges
[    0.013272] On node 0, zone DMA32: 1 pages in unavailable ranges
[    0.013415] On node 0, zone DMA32: 16061 pages in unavailable ranges
[    0.063577] On node 0, zone Normal: 16640 pages in unavailable ranges
[    0.063590] On node 0, zone Normal: 1024 pages in unavailable ranges
[    0.063604] Reserving Intel graphics memory at [mem 0x7c800000-0x803fffff]
[    0.063867] ACPI: PM-Timer IO Port: 0x1808
[    0.063875] ACPI: LAPIC_NMI (acpi_id[0x01] high edge lint[0x1])
[    0.063877] ACPI: LAPIC_NMI (acpi_id[0x02] high edge lint[0x1])
[    0.063878] ACPI: LAPIC_NMI (acpi_id[0x03] high edge lint[0x1])
[    0.063879] ACPI: LAPIC_NMI (acpi_id[0x04] high edge lint[0x1])
[    0.063879] ACPI: LAPIC_NMI (acpi_id[0x05] high edge lint[0x1])
[    0.063880] ACPI: LAPIC_NMI (acpi_id[0x06] high edge lint[0x1])
[    0.063881] ACPI: LAPIC_NMI (acpi_id[0x07] high edge lint[0x1])
[    0.063882] ACPI: LAPIC_NMI (acpi_id[0x08] high edge lint[0x1])
[    0.063882] ACPI: LAPIC_NMI (acpi_id[0x09] high edge lint[0x1])
[    0.063883] ACPI: LAPIC_NMI (acpi_id[0x0a] high edge lint[0x1])
[    0.063884] ACPI: LAPIC_NMI (acpi_id[0x0b] high edge lint[0x1])
[    0.063885] ACPI: LAPIC_NMI (acpi_id[0x0c] high edge lint[0x1])
[    0.063885] ACPI: LAPIC_NMI (acpi_id[0x0d] high edge lint[0x1])
[    0.063886] ACPI: LAPIC_NMI (acpi_id[0x0e] high edge lint[0x1])
[    0.063887] ACPI: LAPIC_NMI (acpi_id[0x0f] high edge lint[0x1])
[    0.063888] ACPI: LAPIC_NMI (acpi_id[0x10] high edge lint[0x1])
[    0.063889] ACPI: LAPIC_NMI (acpi_id[0x11] high edge lint[0x1])
[    0.063889] ACPI: LAPIC_NMI (acpi_id[0x12] high edge lint[0x1])
[    0.063890] ACPI: LAPIC_NMI (acpi_id[0x13] high edge lint[0x1])
[    0.063891] ACPI: LAPIC_NMI (acpi_id[0x14] high edge lint[0x1])
[    0.063892] ACPI: LAPIC_NMI (acpi_id[0x15] high edge lint[0x1])
[    0.063892] ACPI: LAPIC_NMI (acpi_id[0x16] high edge lint[0x1])
[    0.063893] ACPI: LAPIC_NMI (acpi_id[0x17] high edge lint[0x1])
[    0.063894] ACPI: LAPIC_NMI (acpi_id[0x00] high edge lint[0x1])
[    0.063913] IOAPIC[0]: apic_id 2, version 32, address 0xfec00000, GSI 0-119
[    0.063916] ACPI: INT_SRC_OVR (bus 0 bus_irq 0 global_irq 2 dfl dfl)
[    0.063918] ACPI: INT_SRC_OVR (bus 0 bus_irq 9 global_irq 9 high level)
[    0.063921] ACPI: Using ACPI (MADT) for SMP configuration information
[    0.063922] ACPI: HPET id: 0x8086a201 base: 0xfed00000
[    0.063927] TSC deadline timer available
[    0.063928] smpboot: Allowing 8 CPUs, 0 hotplug CPUs
[    0.063953] PM: hibernation: Registered nosave memory: [mem 0x00000000-0x00000fff]
[    0.063955] PM: hibernation: Registered nosave memory: [mem 0x0009e000-0x0009efff]
[    0.063957] PM: hibernation: Registered nosave memory: [mem 0x000a0000-0x000fffff]
[    0.063959] PM: hibernation: Registered nosave memory: [mem 0x426fb000-0x426fbfff]
[    0.063961] PM: hibernation: Registered nosave memory: [mem 0x4313f000-0x4313ffff]
[    0.063962] PM: hibernation: Registered nosave memory: [mem 0x66cee000-0x66ceefff]
[    0.063964] PM: hibernation: Registered nosave memory: [mem 0x66cf7000-0x66cf7fff]
[    0.063966] PM: hibernation: Registered nosave memory: [mem 0x6c92a000-0x6c92afff]
[    0.063968] PM: hibernation: Registered nosave memory: [mem 0x70042000-0x73141fff]
[    0.063968] PM: hibernation: Registered nosave memory: [mem 0x73142000-0x7320efff]
[    0.063969] PM: hibernation: Registered nosave memory: [mem 0x7320f000-0x732cefff]
[    0.063970] PM: hibernation: Registered nosave memory: [mem 0x732cf000-0x73efefff]
[    0.063972] PM: hibernation: Registered nosave memory: [mem 0x73f00000-0x79ffffff]
[    0.063972] PM: hibernation: Registered nosave memory: [mem 0x7a000000-0x7a9fffff]
[    0.063973] PM: hibernation: Registered nosave memory: [mem 0x7aa00000-0x7abfffff]
[    0.063974] PM: hibernation: Registered nosave memory: [mem 0x7ac00000-0x7affffff]
[    0.063975] PM: hibernation: Registered nosave memory: [mem 0x7b000000-0x803fffff]
[    0.063976] PM: hibernation: Registered nosave memory: [mem 0x80400000-0xbfffffff]
[    0.063976] PM: hibernation: Registered nosave memory: [mem 0xc0000000-0xcfffffff]
[    0.063977] PM: hibernation: Registered nosave memory: [mem 0xd0000000-0xfdffffff]
[    0.063978] PM: hibernation: Registered nosave memory: [mem 0xfe000000-0xfe010fff]
[    0.063979] PM: hibernation: Registered nosave memory: [mem 0xfe011000-0xfebfffff]
[    0.063979] PM: hibernation: Registered nosave memory: [mem 0xfec00000-0xfec00fff]
[    0.063980] PM: hibernation: Registered nosave memory: [mem 0xfec01000-0xfecfffff]
[    0.063981] PM: hibernation: Registered nosave memory: [mem 0xfed00000-0xfed00fff]
[    0.063982] PM: hibernation: Registered nosave memory: [mem 0xfed01000-0xfed1ffff]
[    0.063982] PM: hibernation: Registered nosave memory: [mem 0xfed20000-0xfed7ffff]
[    0.063983] PM: hibernation: Registered nosave memory: [mem 0xfed80000-0xfedfffff]
[    0.063984] PM: hibernation: Registered nosave memory: [mem 0xfee00000-0xfee00fff]
[    0.063985] PM: hibernation: Registered nosave memory: [mem 0xfee01000-0xfeffffff]
[    0.063985] PM: hibernation: Registered nosave memory: [mem 0xff000000-0xffffffff]
[    0.063987] [mem 0x80400000-0xbfffffff] available for PCI devices
[    0.063990] clocksource: refined-jiffies: mask: 0xffffffff max_cycles: 0xffffffff, max_idle_ns: 1910969940391419 ns
[    0.071840] setup_percpu: NR_CPUS:8192 nr_cpumask_bits:8 nr_cpu_ids:8 nr_node_ids:1
[    0.072156] percpu: Embedded 53 pages/cpu s179160 r8192 d29736 u262144
[    0.072166] pcpu-alloc: s179160 r8192 d29736 u262144 alloc=1*2097152
[    0.072168] pcpu-alloc: [0] 0 1 2 3 4 5 6 7 
[    0.072198] Built 1 zonelists, mobility grouping on.  Total pages: 8191823
[    0.072200] Policy zone: Normal
[    0.072202] Kernel command line: BOOT_IMAGE=/boot/bzImage type=raid
[    0.072239] Unknown kernel command line parameters "BOOT_IMAGE=/boot/bzImage type=raid", will be passed to user space.
[    0.075417] Dentry cache hash table entries: 4194304 (order: 13, 33554432 bytes, linear)
[    0.077073] Inode-cache hash table entries: 2097152 (order: 12, 16777216 bytes, linear)
[    0.077126] mem auto-init: stack:off, heap alloc:off, heap free:off
[    0.158131] Memory: 32436952K/33288060K available (20499K kernel code, 4115K rwdata, 6788K rodata, 45008K init, 3592K bss, 850848K reserved, 0K cma-reserved)
[    0.158177] SLUB: HWalign=64, Order=0-3, MinObjects=0, CPUs=8, Nodes=1
[    0.158260] rcu: Hierarchical RCU implementation.
[    0.158261] rcu: 	RCU event tracing is enabled.\x00
[    0.158262] rcu: 	RCU restricting CPUs from NR_CPUS=8192 to nr_cpu_ids=8.\x00
[    0.158264] 	Tracing variant of Tasks RCU enabled.\x00
[    0.158265] rcu: RCU calculated value of scheduler-enlistment delay is 100 jiffies.
[    0.158266] rcu: Adjusting geometry for rcu_fanout_leaf=16, nr_cpu_ids=8
[    0.159739] NR_IRQS: 524544, nr_irqs: 2048, preallocated irqs: 16
[    0.159952] Console: colour dummy device 80x25
[    0.160208] printk: console [tty0] enabled
[    0.160222] ACPI: Core revision 20210730
[    0.160805] clocksource: hpet: mask: 0xffffffff max_cycles: 0xffffffff, max_idle_ns: 99544814920 ns
[    0.160850] APIC: Switch to symmetric I/O mode setup
[    0.163177] ..TIMER: vector=0x30 apic1=0 pin1=2 apic2=-1 pin2=-1
[    0.167838] clocksource: tsc-early: mask: 0xffffffffffffffff max_cycles: 0xb9fb05486c, max_idle_ns: 440795231721 ns
[    0.167846] Calibrating delay loop (skipped), value calculated using timer frequency.. 1612.80 BogoMIPS (lpj=806400)
[    0.167851] pid_max: default: 32768 minimum: 301
[    0.170228] LSM: Security Framework initializing
[    0.170240] SELinux:  Initializing.
[    0.170321] Mount-cache hash table entries: 65536 (order: 7, 524288 bytes, linear)
[    0.170377] Mountpoint-cache hash table entries: 65536 (order: 7, 524288 bytes, linear)
[    0.170590] CPU0: Thermal monitoring enabled (TM1)
[    0.170594] x86/cpu: User Mode Instruction Prevention (UMIP) activated
[    0.170671] process: using mwait in idle threads
[    0.170673] Last level iTLB entries: 4KB 0, 2MB 0, 4MB 0
[    0.170675] Last level dTLB entries: 4KB 0, 2MB 0, 4MB 0, 1GB 0
[    0.170680] Spectre V1 : Mitigation: usercopy/swapgs barriers and __user pointer sanitization
[    0.170683] Spectre V2 : WARNING: Unprivileged eBPF is enabled with eIBRS on, data leaks possible via Spectre v2 BHB attacks!
[    0.170685] Spectre V2 : Mitigation: Enhanced IBRS
[    0.170686] Spectre V2 : Spectre v2 / SpectreRSB mitigation: Filling RSB on context switch
[    0.170689] Spectre V2 : mitigation: Enabling conditional Indirect Branch Prediction Barrier
[    0.170691] Speculative Store Bypass: Mitigation: Speculative Store Bypass disabled via prctl and seccomp
[    0.170962] Freeing SMP alternatives memory: 64K
[    0.171135] smpboot: Estimated ratio of average max frequency by base frequency (times 1024): 4480
[    0.171148] smpboot: CPU0: Intel(R) Core(TM) i3-N300 (family: 0x6, model: 0xbe, stepping: 0x0)
[    0.171286] Performance Events: XSAVE Architectural LBR, PEBS fmt4+-baseline, PEBS-via-PT,  AnyThread deprecated, generic architected perfmon, 32-deep LBR, full-width counters, Intel PMU driver.
[    0.171301] ... version:                5
[    0.171302] ... bit width:              48
[    0.171303] ... generic registers:      6
[    0.171304] ... value mask:             0000ffffffffffff
[    0.171306] ... max period:             00007fffffffffff
[    0.171307] ... fixed-purpose events:   3
[    0.171308] ... event mask:             000000070000003f
[    0.171400] rcu: Hierarchical SRCU implementation.
[    0.171732] smp: Bringing up secondary CPUs ...
[    0.171808] x86: Booting SMP configuration:
[    0.171810] .... node  #0, CPUs:      #1 #2 #3 #4
[    0.002927] smpboot: CPU 4 Converting physical 0 to logical die 1
[    0.182956]  #5 #6 #7
[    0.185625] smp: Brought up 1 node, 8 CPUs
[    0.185625] smpboot: Max logical packages: 2
[    0.185625] smpboot: Total of 8 processors activated (12898.30 BogoMIPS)
[    0.186592] devtmpfs: initialized
[    0.186592] x86/mm: Memory block size: 128MB
[    0.188044] ACPI: PM: Registering ACPI NVS region [mem 0x7320f000-0x732cefff] (786432 bytes)
[    0.188044] clocksource: jiffies: mask: 0xffffffff max_cycles: 0xffffffff, max_idle_ns: 1911260446275000 ns
[    0.188044] futex hash table entries: 2048 (order: 5, 131072 bytes, linear)
[    0.188045] PM: RTC time: 22:47:45, date: 2024-08-09
[    0.188200] NET: Registered PF_NETLINK/PF_ROUTE protocol family
[    0.188266] audit: initializing netlink subsys (disabled)
[    0.188272] audit: type=2000 audit(1723243665.026:1): state=initialized audit_enabled=0 res=1
[    0.188272] thermal_sys: Registered thermal governor 'step_wise'
[    0.188272] thermal_sys: Registered thermal governor 'user_space'
[    0.188272] cpuidle: using governor menu
[    0.188272] ACPI: bus type PCI registered
[    0.188272] PCI: MMCONFIG for domain 0000 [bus 00-ff] at [mem 0xc0000000-0xcfffffff] (base 0xc0000000)
[    0.188272] PCI: MMCONFIG at [mem 0xc0000000-0xcfffffff] reserved in E820
[    0.188272] PCI: Using configuration type 1 for base access
[    0.188951] ENERGY_PERF_BIAS: Set to 'normal', was 'performance'
[    0.190598] Kprobes globally optimized
[    0.190857] HugeTLB registered 1.00 GiB page size, pre-allocated 0 pages
[    0.190857] HugeTLB registered 2.00 MiB page size, pre-allocated 0 pages
[    0.190870] cryptomgr_test (59) used greatest stack depth: 15528 bytes left
[    0.190870] cryptomgr_test (66) used greatest stack depth: 15160 bytes left
[    0.207843] raid6: avx2x4   gen() 19057 MB/s
[    0.224842] raid6: avx2x4   xor()  4096 MB/s
[    0.241843] raid6: avx2x2   gen() 19854 MB/s
[    0.258843] raid6: avx2x2   xor() 11534 MB/s
[    0.275843] raid6: avx2x1   gen() 16479 MB/s
[    0.292842] raid6: avx2x1   xor() 10267 MB/s
[    0.309843] raid6: sse2x4   gen() 17102 MB/s
[    0.326844] raid6: sse2x4   xor()  3780 MB/s
[    0.343843] raid6: sse2x2   gen() 15807 MB/s
[    0.360843] raid6: sse2x2   xor()  7568 MB/s
[    0.377843] raid6: sse2x1   gen() 13521 MB/s
[    0.394843] raid6: sse2x1   xor()  5618 MB/s
[    0.394845] raid6: using algorithm avx2x2 gen() 19854 MB/s
[    0.394846] raid6: .... xor() 11534 MB/s, rmw enabled
[    0.394848] raid6: using avx2x2 recovery algorithm
[    0.394870] ACPI: Added _OSI(Module Device)
[    0.394872] ACPI: Added _OSI(Processor Device)
[    0.394873] ACPI: Added _OSI(3.0 _SCP Extensions)
[    0.394875] ACPI: Added _OSI(Processor Aggregator Device)
[    0.394876] ACPI: Added _OSI(Linux-Dell-Video)
[    0.394878] ACPI: Added _OSI(Linux-Lenovo-NV-HDMI-Audio)
[    0.394879] ACPI: Added _OSI(Linux-HPI-Hybrid-Graphics)
[    0.461261] ACPI BIOS Error (bug): Could not resolve symbol [\_SB.PC00.TXHC.RHUB.SS01], AE_NOT_FOUND (20210730/dswload2-162)\x00
[    0.461270] ACPI Error: AE_NOT_FOUND, During name lookup/catalog (20210730/psobject-220)
[    0.461274] ACPI: Skipping parse of AML opcode: OpcodeName unavailable (0x0010)
[    0.461278] ACPI BIOS Error (bug): Could not resolve symbol [\_SB.PC00.TXHC.RHUB.SS02], AE_NOT_FOUND (20210730/dswload2-162)\x00
[    0.461282] ACPI Error: AE_NOT_FOUND, During name lookup/catalog (20210730/psobject-220)
[    0.461285] ACPI: Skipping parse of AML opcode: OpcodeName unavailable (0x0010)
[    0.463181] ACPI: 12 ACPI AML tables successfully acquired and loaded
[    0.471839] ACPI: Dynamic OEM Table Load:
[    0.471852] ACPI: SSDT 0xFFFF8F26C01D0400 0001AB (v02 PmRef  Cpu0Psd  00003000 INTL 20200717)
[    0.472509] ACPI: \_SB_.PR00: _OSC native thermal LVT Acked\x00
[    0.475945] ACPI: Dynamic OEM Table Load:
[    0.475952] ACPI: SSDT 0xFFFF8F26C01D0600 0001A3 (v02 PmRef  Cpu0Ist  00003000 INTL 20200717)
[    0.476767] ACPI: Dynamic OEM Table Load:
[    0.476773] ACPI: SSDT 0xFFFF8F26C0A7C800 0004B5 (v02 PmRef  Cpu0Hwp  00003000 INTL 20200717)
[    0.477812] ACPI: Dynamic OEM Table Load:
[    0.477824] ACPI: SSDT 0xFFFF8F26C01F6000 001BAF (v02 PmRef  ApIst    00003000 INTL 20200717)
[    0.479121] ACPI: Dynamic OEM Table Load:
[    0.479131] ACPI: SSDT 0xFFFF8F26C0E48000 001038 (v02 PmRef  ApHwp    00003000 INTL 20200717)
[    0.480247] ACPI: Dynamic OEM Table Load:
[    0.480256] ACPI: SSDT 0xFFFF8F26C0E4A000 001349 (v02 PmRef  ApPsd    00003000 INTL 20200717)
[    0.484523] ACPI: Interpreter enabled
[    0.484573] ACPI: PM: (supports S0 S5)
[    0.484575] ACPI: Using IOAPIC for interrupt routing
[    0.484616] PCI: Using host bridge windows from ACPI; if necessary, use "pci=nocrs" and report a bug
[    0.485780] ACPI: Enabled 7 GPEs in block 00 to 7F
[    0.504741] ACPI: PM: Power Resource [WRST]
[    0.510498] ACPI: PM: Power Resource [FN00]
[    0.510553] ACPI: PM: Power Resource [FN01]
[    0.510602] ACPI: PM: Power Resource [FN02]
[    0.510649] ACPI: PM: Power Resource [FN03]
[    0.510697] ACPI: PM: Power Resource [FN04]
[    0.511150] ACPI: PM: Power Resource [PIN]
[    0.511383] ACPI: PCI Root Bridge [PC00] (domain 0000 [bus 00-fe])
[    0.511391] acpi PNP0A08:00: _OSC: OS supports [ExtendedConfig ASPM ClockPM Segments MSI HPX-Type3]
[    0.512432] acpi PNP0A08:00: _OSC: OS now controls [PCIeHotplug PME PCIeCapability LTR]
[    0.512672] PCI host bridge to bus 0000:00
[    0.512675] pci_bus 0000:00: root bus resource [io  0x0000-0x0cf7 window]
[    0.512680] pci_bus 0000:00: root bus resource [io  0x0d00-0xffff window]
[    0.512682] pci_bus 0000:00: root bus resource [mem 0x000a0000-0x000bffff window]
[    0.512685] pci_bus 0000:00: root bus resource [mem 0x000e0000-0x000e3fff window]
[    0.512687] pci_bus 0000:00: root bus resource [mem 0x000e4000-0x000e7fff window]
[    0.512689] pci_bus 0000:00: root bus resource [mem 0x000e8000-0x000ebfff window]
[    0.512691] pci_bus 0000:00: root bus resource [mem 0x000ec000-0x000effff window]
[    0.512693] pci_bus 0000:00: root bus resource [mem 0x000f0000-0x000fffff window]
[    0.512695] pci_bus 0000:00: root bus resource [mem 0x80400000-0xbfffffff window]
[    0.512697] pci_bus 0000:00: root bus resource [mem 0x4000000000-0x7fffffffff window]
[    0.512699] pci_bus 0000:00: root bus resource [bus 00-fe]
[    0.512861] pci 0000:00:00.0: [8086:4617] type 00 class 0x060000
[    0.513121] pci 0000:00:02.0: [8086:46d0] type 00 class 0x030000
[    0.513132] pci 0000:00:02.0: reg 0x10: [mem 0x6000000000-0x6000ffffff 64bit]
[    0.513139] pci 0000:00:02.0: reg 0x18: [mem 0x4000000000-0x400fffffff 64bit pref]
[    0.513144] pci 0000:00:02.0: reg 0x20: [io  0x6000-0x603f]
[    0.513160] pci 0000:00:02.0: BAR 2: assigned to efifb
[    0.513164] pci 0000:00:02.0: Video device with shadowed ROM at [mem 0x000c0000-0x000dffff]
[    0.513192] pci 0000:00:02.0: reg 0x344: [mem 0x00000000-0x00ffffff 64bit]
[    0.513194] pci 0000:00:02.0: VF(n) BAR0 space: [mem 0x00000000-0x06ffffff 64bit] (contains BAR0 for 7 VFs)
[    0.513200] pci 0000:00:02.0: reg 0x34c: [mem 0x00000000-0x1fffffff 64bit pref]
[    0.513203] pci 0000:00:02.0: VF(n) BAR2 space: [mem 0x00000000-0xdfffffff 64bit pref] (contains BAR2 for 7 VFs)
[    0.513478] pci 0000:00:14.0: [8086:54ed] type 00 class 0x0c0330
[    0.513501] pci 0000:00:14.0: reg 0x10: [mem 0x6001100000-0x600110ffff 64bit]
[    0.513589] pci 0000:00:14.0: PME# supported from D3hot D3cold
[    0.515090] pci 0000:00:14.2: [8086:54ef] type 00 class 0x050000
[    0.515112] pci 0000:00:14.2: reg 0x10: [mem 0x6001114000-0x6001117fff 64bit]
[    0.515127] pci 0000:00:14.2: reg 0x18: [mem 0x600111a000-0x600111afff 64bit]
[    0.515449] pci 0000:00:16.0: [8086:54e0] type 00 class 0x078000
[    0.515474] pci 0000:00:16.0: reg 0x10: [mem 0x6001119000-0x6001119fff 64bit]
[    0.515562] pci 0000:00:16.0: PME# supported from D3hot
[    0.516081] pci 0000:00:17.0: [8086:54d3] type 00 class 0x010601
[    0.516099] pci 0000:00:17.0: reg 0x10: [mem 0x80800000-0x80801fff]
[    0.516109] pci 0000:00:17.0: reg 0x14: [mem 0x80803000-0x808030ff]
[    0.516119] pci 0000:00:17.0: reg 0x18: [io  0x6090-0x6097]
[    0.516130] pci 0000:00:17.0: reg 0x1c: [io  0x6080-0x6083]
[    0.516139] pci 0000:00:17.0: reg 0x20: [io  0x6060-0x607f]
[    0.516149] pci 0000:00:17.0: reg 0x24: [mem 0x80802000-0x808027ff]
[    0.516198] pci 0000:00:17.0: PME# supported from D3hot
[    0.516558] pci 0000:00:1c.0: [8086:54ba] type 01 class 0x060400
[    0.516659] pci 0000:00:1c.0: PME# supported from D0 D3hot D3cold
[    0.516692] pci 0000:00:1c.0: PTM enabled (root), 4ns granularity
[    0.517191] pci 0000:00:1c.3: [8086:54bb] type 01 class 0x060400
[    0.517291] pci 0000:00:1c.3: PME# supported from D0 D3hot D3cold
[    0.517323] pci 0000:00:1c.3: PTM enabled (root), 4ns granularity
[    0.517810] pci 0000:00:1c.6: [8086:54be] type 01 class 0x060400
[    0.517906] pci 0000:00:1c.6: PME# supported from D0 D3hot D3cold
[    0.517935] pci 0000:00:1c.6: PTM enabled (root), 4ns granularity
[    0.518443] pci 0000:00:1d.0: [8086:54b0] type 01 class 0x060400
[    0.518553] pci 0000:00:1d.0: PME# supported from D0 D3hot D3cold
[    0.518589] pci 0000:00:1d.0: PTM enabled (root), 4ns granularity
[    0.519089] pci 0000:00:1f.0: [8086:5481] type 00 class 0x060100
[    0.519508] pci 0000:00:1f.3: [8086:54c8] type 00 class 0x040300
[    0.519551] pci 0000:00:1f.3: reg 0x10: [mem 0x6001110000-0x6001113fff 64bit]
[    0.519605] pci 0000:00:1f.3: reg 0x20: [mem 0x6001000000-0x60010fffff 64bit]
[    0.519709] pci 0000:00:1f.3: PME# supported from D3hot D3cold
[    0.519933] pci 0000:00:1f.4: [8086:54a3] type 00 class 0x0c0500
[    0.519956] pci 0000:00:1f.4: reg 0x10: [mem 0x6001118000-0x60011180ff 64bit]
[    0.519979] pci 0000:00:1f.4: reg 0x20: [io  0xefa0-0xefbf]
[    0.520234] pci 0000:00:1f.5: [8086:54a4] type 00 class 0x0c8000
[    0.520255] pci 0000:00:1f.5: reg 0x10: [mem 0xfe010000-0xfe010fff]
[    0.520491] pci 0000:01:00.0: [10ec:8125] type 00 class 0x020000
[    0.520514] pci 0000:01:00.0: reg 0x10: [io  0x5000-0x50ff]
[    0.520545] pci 0000:01:00.0: reg 0x18: [mem 0x80700000-0x8070ffff 64bit]
[    0.520565] pci 0000:01:00.0: reg 0x20: [mem 0x80710000-0x80713fff 64bit]
[    0.520695] pci 0000:01:00.0: supports D1 D2
[    0.520697] pci 0000:01:00.0: PME# supported from D0 D1 D2 D3hot D3cold
[    0.520872] pci 0000:00:1c.0: PCI bridge to [bus 01]
[    0.520877] pci 0000:00:1c.0:   bridge window [io  0x5000-0x5fff]
[    0.520880] pci 0000:00:1c.0:   bridge window [mem 0x80700000-0x807fffff]
[    0.520954] pci 0000:02:00.0: [10ec:8125] type 00 class 0x020000
[    0.520977] pci 0000:02:00.0: reg 0x10: [io  0x4000-0x40ff]
[    0.521008] pci 0000:02:00.0: reg 0x18: [mem 0x80600000-0x8060ffff 64bit]
[    0.521027] pci 0000:02:00.0: reg 0x20: [mem 0x80610000-0x80613fff 64bit]
[    0.521157] pci 0000:02:00.0: supports D1 D2
[    0.521159] pci 0000:02:00.0: PME# supported from D0 D1 D2 D3hot D3cold
[    0.521332] pci 0000:00:1c.3: PCI bridge to [bus 02]
[    0.521336] pci 0000:00:1c.3:   bridge window [io  0x4000-0x4fff]
[    0.521340] pci 0000:00:1c.3:   bridge window [mem 0x80600000-0x806fffff]
[    0.521400] pci 0000:03:00.0: [1b21:0612] type 00 class 0x010601
[    0.521422] pci 0000:03:00.0: reg 0x10: [io  0x3050-0x3057]
[    0.521434] pci 0000:03:00.0: reg 0x14: [io  0x3040-0x3043]
[    0.521447] pci 0000:03:00.0: reg 0x18: [io  0x3030-0x3037]
[    0.521459] pci 0000:03:00.0: reg 0x1c: [io  0x3020-0x3023]
[    0.521472] pci 0000:03:00.0: reg 0x20: [io  0x3000-0x301f]
[    0.521484] pci 0000:03:00.0: reg 0x24: [mem 0x80510000-0x805101ff]
[    0.521497] pci 0000:03:00.0: reg 0x30: [mem 0x80500000-0x8050ffff pref]
[    0.521643] pci 0000:00:1c.6: PCI bridge to [bus 03]
[    0.521647] pci 0000:00:1c.6:   bridge window [io  0x3000-0x3fff]
[    0.521651] pci 0000:00:1c.6:   bridge window [mem 0x80500000-0x805fffff]
[    0.521826] pci 0000:04:00.0: [144d:a809] type 00 class 0x010802
[    0.521851] pci 0000:04:00.0: reg 0x10: [mem 0x80400000-0x80403fff 64bit]
[    0.522056] pci 0000:04:00.0: 7.876 Gb/s available PCIe bandwidth, limited by 8.0 GT/s PCIe x1 link at 0000:00:1d.0 (capable of 31.504 Gb/s with 8.0 GT/s PCIe x4 link)
[    0.522142] pci 0000:00:1d.0: PCI bridge to [bus 04]
[    0.522148] pci 0000:00:1d.0:   bridge window [mem 0x80400000-0x804fffff]
[    0.524446] ACPI: PCI: Interrupt link LNKA configured for IRQ 0
[    0.524535] ACPI: PCI: Interrupt link LNKB configured for IRQ 1
[    0.524622] ACPI: PCI: Interrupt link LNKC configured for IRQ 0
[    0.524708] ACPI: PCI: Interrupt link LNKD configured for IRQ 0
[    0.524795] ACPI: PCI: Interrupt link LNKE configured for IRQ 0
[    0.524881] ACPI: PCI: Interrupt link LNKF configured for IRQ 0
[    0.524966] ACPI: PCI: Interrupt link LNKG configured for IRQ 0
[    0.525052] ACPI: PCI: Interrupt link LNKH configured for IRQ 0
[    0.534861] pci 0000:00:02.0: vgaarb: setting as boot VGA device
[    0.534861] pci 0000:00:02.0: vgaarb: VGA device added: decodes=io+mem,owns=io+mem,locks=none
[    0.534861] pci 0000:00:02.0: vgaarb: bridge control possible
[    0.534861] vgaarb: loaded
[    0.534911] SCSI subsystem initialized
[    0.534917] libata version 3.00 loaded.
[    0.534917] ACPI: bus type USB registered
[    0.534917] usbcore: registered new interface driver usbfs
[    0.534917] usbcore: registered new interface driver hub
[    0.534917] usbcore: registered new device driver usb
[    0.534917] Registered efivars operations
[    0.535023] NetLabel: Initializing
[    0.535025] NetLabel:  domain hash size = 128
[    0.535026] NetLabel:  protocols = UNLABELED CIPSOv4 CALIPSO
[    0.535057] NetLabel:  unlabeled traffic allowed by default
[    0.535067] PCI: Using ACPI for IRQ routing
[    0.544887] PCI: pci_cache_line_size set to 64 bytes
[    0.545038] pci 0000:00:1f.5: can't claim BAR 0 [mem 0xfe010000-0xfe010fff]: no compatible bridge window
[    0.545173] e820: reserve RAM buffer [mem 0x0009e000-0x0009ffff]
[    0.545175] e820: reserve RAM buffer [mem 0x426fb000-0x43ffffff]
[    0.545176] e820: reserve RAM buffer [mem 0x4313f000-0x43ffffff]
[    0.545177] e820: reserve RAM buffer [mem 0x66cee018-0x67ffffff]
[    0.545178] e820: reserve RAM buffer [mem 0x6c92a000-0x6fffffff]
[    0.545179] e820: reserve RAM buffer [mem 0x70042000-0x73ffffff]
[    0.545180] e820: reserve RAM buffer [mem 0x73f00000-0x73ffffff]
[    0.545180] e820: reserve RAM buffer [mem 0x87fc00000-0x87fffffff]
[    0.545206] hpet0: at MMIO 0xfed00000, IRQs 2, 8, 0, 0, 0, 0, 0, 0
[    0.545217] hpet0: 8 comparators, 64-bit 19.200000 MHz counter
[    0.546866] clocksource: Switched to clocksource tsc-early
[    0.554704] VFS: Disk quotas dquot_6.6.0
[    0.554722] VFS: Dquot-cache hash table entries: 512 (order 0, 4096 bytes)
[    0.554748] FS-Cache: Loaded
[    0.554783] pnp: PnP ACPI init
[    0.555030] system 00:00: [io  0x0a00-0x0a2f] has been reserved
[    0.555034] system 00:00: [io  0x0a30-0x0a3f] has been reserved
[    0.555037] system 00:00: [io  0x0a40-0x0a4f] has been reserved
[    0.555489] system 00:03: [io  0x0680-0x069f] has been reserved
[    0.555492] system 00:03: [io  0x164e-0x164f] has been reserved
[    0.555591] system 00:04: [io  0x1854-0x1857] has been reserved
[    0.557317] pnp 00:05: disabling [mem 0xc0000000-0xcfffffff] because it overlaps 0000:00:02.0 BAR 9 [mem 0x00000000-0xdfffffff 64bit pref]
[    0.557340] system 00:05: [mem 0xfedc0000-0xfedc7fff] has been reserved
[    0.557342] system 00:05: [mem 0xfeda0000-0xfeda0fff] has been reserved
[    0.557344] system 00:05: [mem 0xfeda1000-0xfeda1fff] has been reserved
[    0.557347] system 00:05: [mem 0xfed20000-0xfed7ffff] could not be reserved
[    0.557349] system 00:05: [mem 0xfed90000-0xfed93fff] has been reserved
[    0.557351] system 00:05: [mem 0xfed45000-0xfed8ffff] could not be reserved
[    0.557353] system 00:05: [mem 0xfee00000-0xfeefffff] could not be reserved
[    0.558026] system 00:06: [io  0x2000-0x20fe] has been reserved
[    0.558716] pnp: PnP ACPI: found 8 devices
[    0.564212] clocksource: acpi_pm: mask: 0xffffff max_cycles: 0xffffff, max_idle_ns: 2085701024 ns
[    0.564238] NET: Registered PF_INET protocol family
[    0.564466] IP idents hash table entries: 262144 (order: 9, 2097152 bytes, linear)
[    0.566051] tcp_listen_portaddr_hash hash table entries: 16384 (order: 6, 262144 bytes, linear)
[    0.566093] Table-perturb hash table entries: 65536 (order: 6, 262144 bytes, linear)
[    0.566100] TCP established hash table entries: 262144 (order: 9, 2097152 bytes, linear)
[    0.566406] TCP bind hash table entries: 65536 (order: 8, 1048576 bytes, linear)
[    0.566551] TCP: Hash tables configured (established 262144 bind 65536)
[    0.566588] UDP hash table entries: 16384 (order: 7, 524288 bytes, linear)
[    0.566656] UDP-Lite hash table entries: 16384 (order: 7, 524288 bytes, linear)
[    0.566764] NET: Registered PF_UNIX/PF_LOCAL protocol family
[    0.566876] RPC: Registered named UNIX socket transport module.
[    0.566879] RPC: Registered udp transport module.
[    0.566880] RPC: Registered tcp transport module.
[    0.566881] RPC: Registered tcp NFSv4.1 backchannel transport module.
[    0.567082] pci 0000:00:02.0: BAR 9: assigned [mem 0x4020000000-0x40ffffffff 64bit pref]
[    0.567091] pci 0000:00:02.0: BAR 7: assigned [mem 0x4010000000-0x4016ffffff 64bit]
[    0.567096] pci 0000:00:1f.5: BAR 0: assigned [mem 0x80804000-0x80804fff]
[    0.567112] pci 0000:00:1c.0: PCI bridge to [bus 01]
[    0.567115] pci 0000:00:1c.0:   bridge window [io  0x5000-0x5fff]
[    0.567136] pci 0000:00:1c.0:   bridge window [mem 0x80700000-0x807fffff]
[    0.567145] pci 0000:00:1c.3: PCI bridge to [bus 02]
[    0.567147] pci 0000:00:1c.3:   bridge window [io  0x4000-0x4fff]
[    0.567152] pci 0000:00:1c.3:   bridge window [mem 0x80600000-0x806fffff]
[    0.567159] pci 0000:00:1c.6: PCI bridge to [bus 03]
[    0.567162] pci 0000:00:1c.6:   bridge window [io  0x3000-0x3fff]
[    0.567166] pci 0000:00:1c.6:   bridge window [mem 0x80500000-0x805fffff]
[    0.567174] pci 0000:00:1d.0: PCI bridge to [bus 04]
[    0.567187] pci 0000:00:1d.0:   bridge window [mem 0x80400000-0x804fffff]
[    0.567196] pci_bus 0000:00: resource 4 [io  0x0000-0x0cf7 window]
[    0.567198] pci_bus 0000:00: resource 5 [io  0x0d00-0xffff window]
[    0.567200] pci_bus 0000:00: resource 6 [mem 0x000a0000-0x000bffff window]
[    0.567202] pci_bus 0000:00: resource 7 [mem 0x000e0000-0x000e3fff window]
[    0.567204] pci_bus 0000:00: resource 8 [mem 0x000e4000-0x000e7fff window]
[    0.567206] pci_bus 0000:00: resource 9 [mem 0x000e8000-0x000ebfff window]
[    0.567208] pci_bus 0000:00: resource 10 [mem 0x000ec000-0x000effff window]
[    0.567209] pci_bus 0000:00: resource 11 [mem 0x000f0000-0x000fffff window]
[    0.567211] pci_bus 0000:00: resource 12 [mem 0x80400000-0xbfffffff window]
[    0.567213] pci_bus 0000:00: resource 13 [mem 0x4000000000-0x7fffffffff window]
[    0.567215] pci_bus 0000:01: resource 0 [io  0x5000-0x5fff]
[    0.567217] pci_bus 0000:01: resource 1 [mem 0x80700000-0x807fffff]
[    0.567219] pci_bus 0000:02: resource 0 [io  0x4000-0x4fff]
[    0.567221] pci_bus 0000:02: resource 1 [mem 0x80600000-0x806fffff]
[    0.567222] pci_bus 0000:03: resource 0 [io  0x3000-0x3fff]
[    0.567224] pci_bus 0000:03: resource 1 [mem 0x80500000-0x805fffff]
[    0.567226] pci_bus 0000:04: resource 1 [mem 0x80400000-0x804fffff]
[    0.567740] PCI: CLS 64 bytes, default 64
[    0.567748] PCI-DMA: Using software bounce buffering for IO (SWIOTLB)
[    0.567749] software IO TLB: mapped [mem 0x0000000062baa000-0x0000000066baa000] (64MB)
[    0.567811] clocksource: tsc: mask: 0xffffffffffffffff max_cycles: 0xb9fb05486c, max_idle_ns: 440795231721 ns
[    0.711584] clocksource: Switched to clocksource tsc
[    0.711603] platform rtc_cmos: registered platform RTC device (no PNP device found)
[    0.720798] Initialise system trusted keyrings
[    0.720875] workingset: timestamp_bits=36 max_order=23 bucket_order=0
[    0.722083] FS-Cache: Netfs 'nfs' registered for caching
[    0.722152] NFS: Registering the id_resolver key type
[    0.722163] Key type id_resolver registered
[    0.722165] Key type id_legacy registered
[    0.722178] nfs4filelayout_init: NFSv4 File Layout Driver Registering...
[    0.722181] nfs4flexfilelayout_init: NFSv4 Flexfile Layout Driver Registering...
[    0.722183] Installing knfsd (copyright (C) 1996 okir@monad.swb.de).
[    0.722494] Key type cifs.idmap registered
[    0.722497] ntfs: driver 2.1.32 [Flags: R/W].
[    0.722537] fuse: init (API version 7.34)
[    0.722587] SGI XFS with ACLs, security attributes, realtime, quota, no debug enabled
[    0.725443] xor: automatically using best checksumming function   avx       
[    0.725447] Key type asymmetric registered
[    0.725449] Asymmetric key parser 'x509' registered
[    0.725460] Block layer SCSI generic (bsg) driver version 0.4 loaded (major 252)
[    0.725468] io scheduler mq-deadline registered
[    0.725469] io scheduler kyber registered
[    0.725973] pcieport 0000:00:1c.0: PME: Signaling with IRQ 120
[    0.726191] pcieport 0000:00:1c.3: PME: Signaling with IRQ 121
[    0.726392] pcieport 0000:00:1c.6: PME: Signaling with IRQ 122
[    0.726610] pcieport 0000:00:1d.0: PME: Signaling with IRQ 123
[    0.726714] IPMI message handler: version 39.2
[    0.726722] ipmi_si: IPMI System Interface driver
[    0.726752] ipmi_si: Unable to find any System Interface(s)
[    0.726754] ipmi_ssif: IPMI SSIF Interface driver
[    0.726795] IPMI Watchdog: driver initialized
[    0.726797] IPMI poweroff: Copyright (C) 2004 MontaVista Software - IPMI Powerdown via sys_reboot
[    0.727894] input: Sleep Button as /devices/LNXSYSTM:00/LNXSYBUS:00/PNP0C0E:00/input/input0
[    0.727914] ACPI: button: Sleep Button [SLPB]
[    0.727938] input: Power Button as /devices/LNXSYSTM:00/LNXSYBUS:00/PNP0C0C:00/input/input1
[    0.727952] ACPI: button: Power Button [PWRB]
[    0.727971] input: Power Button as /devices/LNXSYSTM:00/LNXPWRBN:00/input/input2
[    0.727996] ACPI: button: Power Button [PWRF]
[    0.728254] smpboot: Estimated ratio of average max frequency by base frequency (times 1024): 4480
[    0.729745] thermal LNXTHERM:00: registered as thermal_zone0
[    0.729750] ACPI: thermal: Thermal Zone [TZ00] (28 C)
[    0.729806] Serial: 8250/16550 driver, 4 ports, IRQ sharing enabled
[    0.730253] Non-volatile memory driver v1.3
[    0.730268] Linux agpgart interface v0.103
[    0.737887] loop: module loaded
[    0.740716] Loading iSCSI transport class v2.0-870.
[    0.740817] iscsi: registered transport (tcp)
[    0.740820] mpt3sas version 39.100.00.00 loaded
[    0.741010] nvme nvme0: pci function 0000:04:00.0
[    0.741120] ahci 0000:00:17.0: version 3.0
[    0.741465] ahci 0000:00:17.0: AHCI 0001.0301 32 slots 2 ports 6 Gbps 0x3 impl SATA mode
[    0.741471] ahci 0000:00:17.0: flags: 64bit ncq sntf pm clo only pio slum part deso sadm sds 
[    0.741668] scsi host0: ahci
[    0.741760] scsi host1: ahci
[    0.741792] ata1: SATA max UDMA/133 abar m2048@0x80802000 port 0x80802100 irq 124
[    0.741796] ata2: SATA max UDMA/133 abar m2048@0x80802000 port 0x80802180 irq 124
[    0.741948] ahci 0000:03:00.0: SSS flag set, parallel bus scan disabled
[    0.741985] ahci 0000:03:00.0: AHCI 0001.0200 32 slots 2 ports 6 Gbps 0x3 impl SATA mode
[    0.741989] ahci 0000:03:00.0: flags: 64bit ncq sntf stag led clo pmp pio slum part ccc sxs 
[    0.742178] scsi host2: ahci
[    0.742256] scsi host3: ahci
[    0.742283] ata3: SATA max UDMA/133 abar m512@0x80510000 port 0x80510100 irq 126
[    0.742286] ata4: SATA max UDMA/133 abar m512@0x80510000 port 0x80510180 irq 126
[    0.742669] tun: Universal TUN/TAP device driver, 1.6
[    0.742697] e100: Intel(R) PRO/100 Network Driver
[    0.742699] e100: Copyright(c) 1999-2006 Intel Corporation
[    0.742708] e1000: Intel(R) PRO/1000 Network Driver
[    0.742710] e1000: Copyright (c) 1999-2006 Intel Corporation.
[    0.742718] e1000e: Intel(R) PRO/1000 Network Driver
[    0.742719] e1000e: Copyright(c) 1999 - 2015 Intel Corporation.
[    0.742728] igb: Intel(R) Gigabit Ethernet Network Driver
[    0.742730] igb: Copyright (c) 2007-2014 Intel Corporation.
[    0.742738] Intel(R) 2.5G Ethernet Linux Driver
[    0.742739] Copyright(c) 2018 Intel Corporation.
[    0.742745] igbvf: Intel(R) Gigabit Virtual Function Network Driver
[    0.742747] igbvf: Copyright (c) 2009 - 2012 Intel Corporation.
[    0.742753] ixgbe: Intel(R) 10 Gigabit PCI Express Network Driver
[    0.742754] ixgbe: Copyright (c) 1999-2016 Intel Corporation.
[    0.742784] ixgbevf: Intel(R) 10 Gigabit PCI Express Virtual Function Network Driver
[    0.742787] ixgbevf: Copyright (c) 2009 - 2018 Intel Corporation.
[    0.742811] i40e: Intel(R) Ethernet Connection XL710 Network Driver
[    0.742813] i40e: Copyright (c) 2013 - 2019 Intel Corporation.
[    0.742841] ixgb: Intel(R) PRO/10GbE Network Driver
[    0.742847] ixgb: Copyright (c) 1999-2008 Intel Corporation.
[    0.742855] iavf: Intel(R) Ethernet Adaptive Virtual Function Network Driver
[    0.742857] Copyright (c) 2013 - 2018 Intel Corporation.
[    0.742881] Intel(R) Ethernet Switch Host Interface Driver
[    0.742883] Copyright(c) 2013 - 2019 Intel Corporation.
[    0.742909] ice: Intel(R) Ethernet Connection E800 Series Linux Driver
[    0.742911] ice: Copyright (c) 2018, Intel Corporation.
[    0.754972] nvme nvme0: Shutdown timeout set to 8 seconds
[    0.764825] nvme nvme0: allocated 64 MiB host memory buffer.
[    0.853399] nvme nvme0: 8/0/0 default/read/poll queues
[    0.867146]  sdza: sdza1 sdza2 sdza3 sdza4
[    1.045994] ata3: SATA link down (SStatus 0 SControl 300)
[    1.053996] ata2: SATA link down (SStatus 0 SControl 300)
[    1.054020] ata1: SATA link down (SStatus 0 SControl 300)
[    1.290197] kworker/u16:7 (168) used greatest stack depth: 14560 bytes left
[    1.290394] r8169 0000:01:00.0 eth0: RTL8125B, 6c:bf:b5:03:7c:f3, XID 641, IRQ 127
[    1.290401] r8169 0000:01:00.0 eth0: jumbo features [frames: 9194 bytes, tx checksumming: ko]
[    1.297529] r8169 0000:02:00.0 eth1: RTL8125B, 6c:bf:b5:03:7c:f4, XID 641, IRQ 136
[    1.297534] r8169 0000:02:00.0 eth1: jumbo features [frames: 9194 bytes, tx checksumming: ko]
[    1.297550] PPP generic driver version 2.4.2
[    1.297577] PPP BSD Compression module registered
[    1.297578] PPP Deflate Compression module registered
[    1.297584] PPP MPPE Compression module registered
[    1.297586] NET: Registered PF_PPPOX protocol family
[    1.297591] PPTP driver version 0.8.5
[    1.297657] SLIP: version 0.8.4-NET3.019-NEWTTY (dynamic channels, max=256).
[    1.297667] usbcore: registered new interface driver rndis_wlan
[    1.297875] VMware vmxnet3 virtual NIC driver - version 1.6.0.0-k-NAPI
[    1.297891] usbcore: registered new interface driver r8152
[    1.297895] usbcore: registered new interface driver asix
[    1.297900] usbcore: registered new interface driver ax88179_178a
[    1.297905] usbcore: registered new interface driver cdc_ether
[    1.297910] usbcore: registered new interface driver net1080
[    1.297915] usbcore: registered new interface driver rndis_host
[    1.297920] usbcore: registered new interface driver cdc_subset
[    1.297924] usbcore: registered new interface driver zaurus
[    1.297935] usbcore: registered new interface driver cdc_ncm
[    1.297962] ehci_hcd: USB 2.0 'Enhanced' Host Controller (EHCI) Driver
[    1.297964] ehci-pci: EHCI PCI platform driver
[    1.297971] ohci_hcd: USB 1.1 'Open' Host Controller (OHCI) Driver
[    1.297974] ohci-pci: OHCI PCI platform driver
[    1.297982] uhci_hcd: USB Universal Host Controller Interface driver
[    1.298124] xhci_hcd 0000:00:14.0: xHCI Host Controller
[    1.298148] xhci_hcd 0000:00:14.0: new USB bus registered, assigned bus number 1
[    1.299255] xhci_hcd 0000:00:14.0: hcc params 0x20007fc1 hci version 0x120 quirks 0x0000000000009810
[    1.299483] xhci_hcd 0000:00:14.0: xHCI Host Controller
[    1.299505] xhci_hcd 0000:00:14.0: new USB bus registered, assigned bus number 2
[    1.299509] xhci_hcd 0000:00:14.0: Host supports USB 3.1 Enhanced SuperSpeed
[    1.299562] usb usb1: New USB device found, idVendor=1d6b, idProduct=0002, bcdDevice= 5.15
[    1.299566] usb usb1: New USB device strings: Mfr=3, Product=2, SerialNumber=1
[    1.299569] usb usb1: Product: xHCI Host Controller
[    1.299571] usb usb1: Manufacturer: Linux 5.15.59 xhci-hcd
[    1.299573] usb usb1: SerialNumber: 0000:00:14.0
[    1.299651] hub 1-0:1.0: USB hub found
[    1.299673] hub 1-0:1.0: 12 ports detected
[    1.299695] ACPI BIOS Error (bug): Could not resolve symbol [\_SB.UBTC.RUCC], AE_NOT_FOUND (20210730/psargs-330)\x00
[    1.299702] ACPI Error: Aborting method \_SB.PC00.XHCI.RHUB.HS01._PLD due to previous error (AE_NOT_FOUND) (20210730/psparse-529)\x00
[    1.299722] ACPI BIOS Error (bug): Could not resolve symbol [\_SB.UBTC.RUCC], AE_NOT_FOUND (20210730/psargs-330)\x00
[    1.299726] ACPI Error: Aborting method \_SB.PC00.XHCI.RHUB.HS02._PLD due to previous error (AE_NOT_FOUND) (20210730/psparse-529)\x00
[    1.300443] usb usb2: New USB device found, idVendor=1d6b, idProduct=0003, bcdDevice= 5.15
[    1.300447] usb usb2: New USB device strings: Mfr=3, Product=2, SerialNumber=1
[    1.300450] usb usb2: Product: xHCI Host Controller
[    1.300452] usb usb2: Manufacturer: Linux 5.15.59 xhci-hcd
[    1.300453] usb usb2: SerialNumber: 0000:00:14.0
[    1.300518] hub 2-0:1.0: USB hub found
[    1.300533] hub 2-0:1.0: 4 ports detected
[    1.300963] usbcore: registered new interface driver usb-storage
[    1.300995] i8042: PNP: PS/2 Controller [PNP0303:PS2K,PNP0f03:PS2M] at 0x60,0x64 irq 1,12
[    1.301789] serio: i8042 KBD port at 0x60,0x64 irq 1
[    1.301794] serio: i8042 AUX port at 0x60,0x64 irq 12
[    1.301942] rtc_cmos rtc_cmos: RTC can wake from S4
[    1.302361] rtc_cmos rtc_cmos: registered as rtc0
[    1.302456] rtc_cmos rtc_cmos: setting system clock to 2024-08-09T22:47:47 UTC (1723243667)
[    1.302468] rtc_cmos rtc_cmos: alarms up to one month, y3k, 114 bytes nvram, hpet irqs
[    1.302497] i801_smbus 0000:00:1f.4: enabling device (0000 -> 0003)
[    1.302623] i801_smbus 0000:00:1f.4: SPD Write Disable is set
[    1.302667] i801_smbus 0000:00:1f.4: SMBus using PCI interrupt
[    1.305245] i2c i2c-0: 1/2 memory slots populated (from DMI)
[    1.305248] i2c i2c-0: Memory type 0x22 not supported yet, not instantiating SPD
[    1.305488] device-mapper: core: CONFIG_IMA_DISABLE_HTABLE is disabled. Duplicate IMA measurements will not be recorded in the IMA log.
[    1.305506] device-mapper: uevent: version 1.0.3
[    1.305546] device-mapper: ioctl: 4.45.0-ioctl (2021-03-22) initialised: dm-devel@redhat.com
[    1.305592] device-mapper: raid: Loading target version 1.15.1
[    1.305603] intel_pstate: Intel P-state driver initializing
[    1.305922] intel_pstate: HWP enabled
[    1.305977] iscsi: registered transport (iser)
[    1.305992] efifb: probing for efifb
[    1.306001] efifb: framebuffer at 0x4000000000, using 1876k, total 1875k
[    1.306003] efifb: mode is 800x600x32, linelength=3200, pages=1
[    1.306005] efifb: scrolling: redraw
[    1.306006] efifb: Truecolor: size=8:8:8:8, shift=24:16:8:0
[    1.306923] Console: switching to colour frame buffer device 100x37
[    1.307787] fb0: EFI VGA frame buffer device
[    1.307805] EFI Variables Facility v0.08 2004-May-17
[    1.311479] hid: raw HID events driver (C) Jiri Kosina
[    1.311571] usbcore: registered new interface driver usbhid
[    1.311588] usbhid: USB HID core driver
[    1.312378] xt_time: kernel timezone is -0000
[    1.312398] IPVS: Registered protocols ()
[    1.312416] IPVS: Connection hash table configured (size=4096, memory=32Kbytes)
[    1.312473] IPVS: ipvs loaded.
[    1.312522] ipip: IPv4 and MPLS over IPv4 tunneling driver
[    1.312621] gre: GRE over IPv4 demultiplexor driver
[    1.312636] ip_gre: GRE over IPv4 tunneling driver
[    1.313286] ipt_CLUSTERIP: ClusterIP Version 0.8 loaded successfully
[    1.313760] Initializing XFRM netlink socket
[    1.314306] NET: Registered PF_INET6 protocol family
[    1.315061] Segment Routing with IPv6
[    1.315520] In-situ OAM (IOAM) with IPv6
[    1.316002] sit: IPv6, IPv4 and MPLS over IPv4 tunneling driver
[    1.316596] NET: Registered PF_PACKET protocol family
[    1.317058] NET: Registered PF_KEY protocol family
[    1.317512] bridge: filtering via arp/ip/ip6tables is no longer available by default. Update your scripts to load br_netfilter if you need this.
[    1.318437] l2tp_core: L2TP core driver, V2.0
[    1.318887] l2tp_ppp: PPPoL2TP kernel driver, V2.0
[    1.319330] l2tp_ip: L2TP IP encapsulation support (L2TPv3)
[    1.319778] l2tp_netlink: L2TP netlink interface
[    1.320220] l2tp_eth: L2TP ethernet pseudowire support (L2TPv3)
[    1.320653] l2tp_ip6: L2TP IP encapsulation support for IPv6 (L2TPv3)
[    1.321183] Key type dns_resolver registered
[    1.322005] microcode: sig=0xb06e0, pf=0x1, revision=0xe
[    1.322494] microcode: Microcode Update Driver: v2.2.
[    1.322543] resctrl: L2 allocation detected
[    1.323435] IPI shorthand broadcast: enabled
[    1.323877] sched_clock: Marking stable (1321938996, 1927418)->(1344337561, -20471147)
[    1.324389] registered taskstats version 1
[    1.324838] Loading compiled-in X.509 certificates
[    1.325957] Loaded X.509 cert 'Build time autogenerated kernel key: 7fe5de5c26563127956b66508c0f0a31829a7513'
[    1.326984] Key type ._fscrypt registered
[    1.327445] Key type .fscrypt registered
[    1.327901] Key type fscrypt-provisioning registered
[    1.328491] Btrfs loaded, crc32c=crc32c-generic, zoned=no, fsverity=yes
[    1.329158] Key type encrypted registered
[    1.329632] Loading compiled-in module X.509 certificates
[    1.330695] Loaded X.509 cert 'Build time autogenerated kernel key: 7fe5de5c26563127956b66508c0f0a31829a7513'
[    1.331640] ima: Allocated hash algorithm: sha1
[    1.366004] ata4: SATA link down (SStatus 0 SControl 300)
[    1.367128] ima: No architecture policies found
[    1.369562] evm: Initialising EVM extended attributes:
[    1.370993] evm: security.selinux
[    1.372211] evm: security.SMACK64 (disabled)
[    1.373295] evm: security.SMACK64EXEC (disabled)
[    1.374290] evm: security.SMACK64TRANSMUTE (disabled)
[    1.375208] evm: security.SMACK64MMAP (disabled)
[    1.376046] evm: security.apparmor (disabled)
[    1.376825] evm: security.ima
[    1.377550] evm: security.capability
[    1.378223] evm: HMAC attrs: 0x1
[    1.379265] PM:   Magic number: 4:260:805
[    1.379913] printk: console [netcon0] enabled
[    1.380426] netconsole: network logging started
[    1.380991] cfg80211: Loading compiled-in X.509 certificates for regulatory database
[    1.381704] cfg80211: Loaded X.509 cert 'sforshee: 00b28ddf47aef9cea7'
[    1.382152] platform regulatory.0: Direct firmware load for regulatory.db failed with error -2
[    1.382595] cfg80211: failed to load regulatory.db
[    1.388561] Freeing unused kernel image (initmem) memory: 45008K
[    1.395850] Write protecting the kernel read-only data: 30720k
[    1.396693] Freeing unused kernel image (text/rodata gap) memory: 2028K
[    1.397372] Freeing unused kernel image (rodata/data gap) memory: 1404K
[    1.397874] Run /init as init process
[    1.398304]   with arguments:
[    1.398305]     /init
[    1.398305]   with environment:
[    1.398306]     HOME=/
[    1.398306]     TERM=linux
[    1.398307]     BOOT_IMAGE=/boot/bzImage
[    1.398307]     type=raid
[    1.401159] mount (195) used greatest stack depth: 14400 bytes left
[    1.418644] egrep (205) used greatest stack depth: 14336 bytes left
[    1.429483] mdadm (207) used greatest stack depth: 14248 bytes left
[    1.435953] md: md9 stopped.
[    1.437089] md/raid1:md9: active with 1 out of 72 mirrors
[    1.437846] md9: detected capacity change from 0 to 15992832
[    1.439615] mdadm (212) used greatest stack depth: 13696 bytes left
[    1.448374] e2fsck (222) used greatest stack depth: 13536 bytes left
[    1.450955] EXT4-fs (md9): mounted filesystem with ordered data mode. Opts: commit=5,data=ordered. Quota mode: none.
[    1.538862] usb 1-1: new low-speed USB device number 2 using xhci_hcd
[    1.672874] usb 1-1: New USB device found, idVendor=03f0, idProduct=0324, bcdDevice= 1.00
[    1.674558] usb 1-1: New USB device strings: Mfr=1, Product=2, SerialNumber=0
[    1.676211] usb 1-1: Product: HP Basic USB Keyboard
[    1.677389] usb 1-1: Manufacturer: LiteON
[    1.681770] input: LiteON HP Basic USB Keyboard as /devices/pci0000:00/0000:00:14.0/usb1/1-1/1-1:1.0/0003:03F0:0324.0001/input/input5
[    1.734970] hid-generic 0003:03F0:0324.0001: input,hidraw0: USB HID v1.00 Keyboard [LiteON HP Basic USB Keyboard] on usb-0000:00:14.0-1/input0
[    1.782101] usb 2-2: new SuperSpeed USB device number 2 using xhci_hcd
[    1.798602] usb 2-2: New USB device found, idVendor=2109, idProduct=0817, bcdDevice= 3.a3
[    1.800655] usb 2-2: New USB device strings: Mfr=1, Product=2, SerialNumber=3
[    1.802458] usb 2-2: Product: USB3.0 Hub             
[    1.803962] usb 2-2: Manufacturer: VIA Labs, Inc.         
[    1.807327] hub 2-2:1.0: USB hub found
[    1.808461] hub 2-2:1.0: 4 ports detected
[    1.910857] usb 1-2: new high-speed USB device number 3 using xhci_hcd
[    2.041006] usb 1-2: New USB device found, idVendor=2109, idProduct=2817, bcdDevice= 3.a3
[    2.042994] usb 1-2: New USB device strings: Mfr=1, Product=2, SerialNumber=3
[    2.044666] usb 1-2: Product: USB2.0 Hub             
[    2.045884] usb 1-2: Manufacturer: VIA Labs, Inc.         
[    2.047089] hub 1-2:1.0: USB hub found
[    2.048386] hub 1-2:1.0: 5 ports detected
[    2.285852] usb 1-3: new high-speed USB device number 4 using xhci_hcd
[    2.415089] usb 1-3: New USB device found, idVendor=090c, idProduct=1000, bcdDevice=11.00
[    2.417062] usb 1-3: New USB device strings: Mfr=1, Product=2, SerialNumber=3
[    2.418867] usb 1-3: Product: Flash Drive FIT
[    2.420352] usb 1-3: Manufacturer: Samsung
[    2.421624] usb 1-3: SerialNumber: 0378623070005110
[    2.424335] usb-storage 1-3:1.0: USB Mass Storage device detected
[    2.425388] usb-storage 1-3:1.0: Quirks match for vid 090c pid 1000: 400
[    2.426323] scsi host4: usb-storage 1-3:1.0
[    2.484902] usb 2-2.3: new SuperSpeed USB device number 3 using xhci_hcd
[    2.752299] usb 2-2.3: New USB device found, idVendor=0b95, idProduct=1790, bcdDevice= 2.00
[    2.752839] usb 2-2.3: New USB device strings: Mfr=1, Product=2, SerialNumber=3
[    2.753366] usb 2-2.3: Product: AX88179A
[    2.753888] usb 2-2.3: Manufacturer: ASIX
[    2.754408] usb 2-2.3: SerialNumber: 0015D32E
[    2.758851] usb 1-2.2: new high-speed USB device number 5 using xhci_hcd
[    2.878453] ax88179_178a 2-2.3:2.0 (unnamed net_device) (uninitialized): Failed to write reg index 0x0002: -32
[    2.888813] ax88179_178a 2-2.3:2.0 (unnamed net_device) (uninitialized): Failed to write reg index 0x0002: -32
[    2.902387] usb 1-2.2: New USB device found, idVendor=14cd, idProduct=8601, bcdDevice= 0.00
[    2.902908] usb 1-2.2: New USB device strings: Mfr=1, Product=3, SerialNumber=0
[    2.903410] usb 1-2.2: Product: USB 2.0 Hub            
[    2.903906] usb 1-2.2: Manufacturer: USB Device  
[    2.905091] hub 1-2.2:1.0: USB hub found
[    2.905623] hub 1-2.2:1.0: 4 ports detected
[    2.970848] usb 1-2.5: new high-speed USB device number 6 using xhci_hcd
[    3.047932] usb 1-2.5: New USB device found, idVendor=2109, idProduct=8888, bcdDevice= 0.01
[    3.048430] usb 1-2.5: New USB device strings: Mfr=1, Product=2, SerialNumber=3
[    3.048930] usb 1-2.5: Product: USB Billboard Device   
[    3.049420] usb 1-2.5: Manufacturer: VIA Labs, Inc.         
[    3.049903] usb 1-2.5: SerialNumber: 0000000000000001
[    3.103703] ax88179_178a 2-2.3:2.0 (unnamed net_device) (uninitialized): Failed to write reg index 0x0001: -32
[    3.216801] ax88179_178a 2-2.3:2.0 (unnamed net_device) (uninitialized): Failed to read reg index 0x0006: -32
[    3.217838] ax88179_178a 2-2.3:2.0 (unnamed net_device) (uninitialized): invalid MAC address, using random
[    3.228530] ax88179_178a 2-2.3:2.0 (unnamed net_device) (uninitialized): Failed to write reg index 0x0006: -32
[    3.239054] ax88179_178a 2-2.3:2.0 (unnamed net_device) (uninitialized): Failed to write reg index 0x0005: -32
[    3.249412] ax88179_178a 2-2.3:2.0 (unnamed net_device) (uninitialized): Failed to write reg index 0x0001: -32
[    3.259924] ax88179_178a 2-2.3:2.0 (unnamed net_device) (uninitialized): Failed to write reg index 0x0001: -32
[    3.270284] ax88179_178a 2-2.3:2.0 (unnamed net_device) (uninitialized): Failed to write reg index 0x0001: -32
[    3.282011] ax88179_178a 2-2.3:2.0 (unnamed net_device) (uninitialized): Failed to write reg index 0x0001: -32
[    3.292376] ax88179_178a 2-2.3:2.0 (unnamed net_device) (uninitialized): Failed to write reg index 0x0002: -32
[    3.303049] ax88179_178a 2-2.3:2.0 (unnamed net_device) (uninitialized): Failed to write reg index 0x0001: -32
[    3.313400] ax88179_178a 2-2.3:2.0 (unnamed net_device) (uninitialized): Failed to write reg index 0x0002: -32
[    3.323928] ax88179_178a 2-2.3:2.0 (unnamed net_device) (uninitialized): Failed to read reg index 0x0001: -32
[    3.335652] ax88179_178a 2-2.3:2.0 (unnamed net_device) (uninitialized): Failed to write reg index 0x0001: -32
[    3.346167] ax88179_178a 2-2.3:2.0 (unnamed net_device) (uninitialized): Failed to write reg index 0x001f: -32
[    3.356523] ax88179_178a 2-2.3:2.0 (unnamed net_device) (uninitialized): Failed to write reg index 0x0019: -32
[    3.367038] ax88179_178a 2-2.3:2.0 (unnamed net_device) (uninitialized): Failed to write reg index 0x001f: -32
[    3.377402] ax88179_178a 2-2.3:2.0 (unnamed net_device) (uninitialized): Failed to write reg index 0x000d: -32
[    3.389135] ax88179_178a 2-2.3:2.0 (unnamed net_device) (uninitialized): Failed to write reg index 0x000e: -32
[    3.399490] ax88179_178a 2-2.3:2.0 (unnamed net_device) (uninitialized): Failed to write reg index 0x000d: -32
[    3.410005] ax88179_178a 2-2.3:2.0 (unnamed net_device) (uninitialized): Failed to read reg index 0x000e: -32
[    3.420368] ax88179_178a 2-2.3:2.0 (unnamed net_device) (uninitialized): Failed to write reg index 0x000d: -32
[    3.431039] ax88179_178a 2-2.3:2.0 (unnamed net_device) (uninitialized): Failed to write reg index 0x000e: -32
[    3.442927] ax88179_178a 2-2.3:2.0 (unnamed net_device) (uninitialized): Failed to write reg index 0x000d: -32
[    3.453292] ax88179_178a 2-2.3:2.0 (unnamed net_device) (uninitialized): Failed to write reg index 0x000e: -32
[    3.463644] ax88179_178a 2-2.3:2.0 (unnamed net_device) (uninitialized): Failed to read reg index 0x0000: -32
[    3.465420] ax88179_178a 2-2.3:2.0 eth2: register 'ax88179_178a' at usb-0000:00:14.0-2.3, ASIX AX88179 USB 3.0 Gigabit Ethernet, 8e:bb:0e:1a:e6:ba
[    3.621087] ax88179_178a 2-2.3:2.1 (unnamed net_device) (uninitialized): Failed to write reg index 0x0002: -32
[    3.631439] ax88179_178a 2-2.3:2.1 (unnamed net_device) (uninitialized): Failed to write reg index 0x0002: -32
[    3.849034] ax88179_178a 2-2.3:2.1 (unnamed net_device) (uninitialized): Failed to write reg index 0x0001: -32
[    3.960280] ax88179_178a 2-2.3:2.1 (unnamed net_device) (uninitialized): Failed to read reg index 0x0006: -32
[    3.961912] ax88179_178a 2-2.3:2.1 (unnamed net_device) (uninitialized): invalid MAC address, using random
[    3.970632] ax88179_178a 2-2.3:2.1 (unnamed net_device) (uninitialized): Failed to write reg index 0x0006: -32
[    3.981144] ax88179_178a 2-2.3:2.1 (unnamed net_device) (uninitialized): Failed to write reg index 0x0005: -32
[    3.992942] ax88179_178a 2-2.3:2.1 (unnamed net_device) (uninitialized): Failed to write reg index 0x0001: -32
[    4.003303] ax88179_178a 2-2.3:2.1 (unnamed net_device) (uninitialized): Failed to write reg index 0x0001: -32
[    4.013649] ax88179_178a 2-2.3:2.1 (unnamed net_device) (uninitialized): Failed to write reg index 0x0001: -32
[    4.024007] ax88179_178a 2-2.3:2.1 (unnamed net_device) (uninitialized): Failed to write reg index 0x0001: -32
[    4.034363] ax88179_178a 2-2.3:2.1 (unnamed net_device) (uninitialized): Failed to write reg index 0x0002: -32
[    4.046160] ax88179_178a 2-2.3:2.1 (unnamed net_device) (uninitialized): Failed to write reg index 0x0001: -32
[    4.056510] ax88179_178a 2-2.3:2.1 (unnamed net_device) (uninitialized): Failed to write reg index 0x0002: -32
[    4.067022] ax88179_178a 2-2.3:2.1 (unnamed net_device) (uninitialized): Failed to read reg index 0x0001: -32
[    4.077372] ax88179_178a 2-2.3:2.1 (unnamed net_device) (uninitialized): Failed to write reg index 0x0001: -32
[    4.088037] ax88179_178a 2-2.3:2.1 (unnamed net_device) (uninitialized): Failed to write reg index 0x001f: -32
[    4.099996] ax88179_178a 2-2.3:2.1 (unnamed net_device) (uninitialized): Failed to write reg index 0x0019: -32
[    4.110354] ax88179_178a 2-2.3:2.1 (unnamed net_device) (uninitialized): Failed to write reg index 0x001f: -32
[    4.121018] ax88179_178a 2-2.3:2.1 (unnamed net_device) (uninitialized): Failed to write reg index 0x000d: -32
[    4.131368] ax88179_178a 2-2.3:2.1 (unnamed net_device) (uninitialized): Failed to write reg index 0x000e: -32
[    4.142034] ax88179_178a 2-2.3:2.1 (unnamed net_device) (uninitialized): Failed to write reg index 0x000d: -32
[    4.153990] ax88179_178a 2-2.3:2.1 (unnamed net_device) (uninitialized): Failed to read reg index 0x000e: -32
[    4.162990] scsi 4:0:0:0: Direct-Access     Samsung  Flash Drive FIT  1100 PQ: 0 ANSI: 6
[    4.163888] sd 4:0:0:0: Attached scsi generic sg0 type 0
[    4.164085] sd 4:0:0:0: [sda] 125313283 512-byte logical blocks: (64.2 GB/59.8 GiB)
[    4.164730] ax88179_178a 2-2.3:2.1 (unnamed net_device) (uninitialized): Failed to write reg index 0x000d: -32
[    4.165638] sd 4:0:0:0: [sda] Write Protect is off
[    4.167905] sd 4:0:0:0: [sda] Mode Sense: 43 00 00 00
[    4.168012] sd 4:0:0:0: [sda] Write cache: enabled, read cache: enabled, doesn't support DPO or FUA
[    4.175011] ax88179_178a 2-2.3:2.1 (unnamed net_device) (uninitialized): Failed to write reg index 0x000e: -32
[    4.178322] GPT:Primary header thinks Alt. header is not at the end of the disk.
[    4.179108] GPT:7864319 != 125313282
[    4.179870] GPT:Alternate GPT header not at the end of the disk.
[    4.180622] GPT:7864319 != 125313282
[    4.181381] GPT: Use GNU Parted to correct GPT errors.
[    4.182118]  sda: sda1
[    4.183413] sd 4:0:0:0: [sda] Attached SCSI removable disk
[    4.185370] ax88179_178a 2-2.3:2.1 (unnamed net_device) (uninitialized): Failed to write reg index 0x000d: -32
[    4.196035] ax88179_178a 2-2.3:2.1 (unnamed net_device) (uninitialized): Failed to write reg index 0x000e: -32
[    4.207992] ax88179_178a 2-2.3:2.1 (unnamed net_device) (uninitialized): Failed to read reg index 0x0000: -32
[    4.209528] ax88179_178a 2-2.3:2.1 eth3: register 'ax88179_178a' at usb-0000:00:14.0-2.3, ASIX AX88179 USB 3.0 Gigabit Ethernet, 76:3a:8f:ff:b0:07
[    5.021534] CheckSystem (235) used greatest stack depth: 13200 bytes left
[    5.032970] mv (264) used greatest stack depth: 13136 bytes left
[    5.059534] EXT4-fs (md9): re-mounted. Opts: (null). Quota mode: none.
[    5.086899] 8812au: loading out-of-tree module taints kernel.
[    5.088879] 8812au: module verification failed: signature and/or required key missing - tainting kernel
[    5.095074] usbcore: registered new interface driver rtl8812au
[    5.120302] usbcore: registered new interface driver rtl88x2bu
[    5.130710] [301]: scst: sysfs_work_thread_fn:500:User interface thread started
[    5.131480] [299]: scst: scst_pr_set_file_name:1091:***ERROR***: PR file name /var/lib/scst/pr/4:0:0:0 parent directory doesn't exist
[    5.139998] [302]: scst: scst_cmd_thread:4838:Processing thread scstd0 started
[    5.141419] [303]: scst: scst_cmd_thread:4838:Processing thread scstd1 started
[    5.142846] [304]: scst: scst_cmd_thread:4838:Processing thread scstd2 started
[    5.144093] [305]: scst: scst_cmd_thread:4838:Processing thread scstd3 started
[    5.145167] [306]: scst: scst_cmd_thread:4838:Processing thread scstd4 started
[    5.145716] [307]: scst: scst_cmd_thread:4838:Processing thread scstd5 started
[    5.146274] [308]: scst: scst_cmd_thread:4838:Processing thread scstd6 started
[    5.146812] [309]: scst: scst_cmd_thread:4838:Processing thread scstd7 started
[    5.147357] [310]: scst: scst_init_thread:4509:Init thread started
[    5.147872] [311]: scst: scst_tm_thread:6822:Task management thread started
[    5.148380] [312]: scst: scst_global_mgmt_thread:7638:Management thread started
[    5.148876] [299]: scst: __scst_register_target_template:315:Target template copy_manager registered successfully
[    5.149861] [299]: scst: scst_register_target:508:Target copy_manager_tgt for template copy_manager registered successfully
[    5.150836] [299]: scst: scst_init_session:7271:Using security group "copy_manager_tgt" for initiator "copy_manager_sess" (target copy_manager_tgt)
[    5.151845] [299]: scst: init_scst:2568:SCST version 3.6.0 loaded successfully (global max mem for commands ignored, per device 3184MB)
[    5.152850] [299]: scst: scst_print_config:2319:Enabled features: EXTRACHECKS, TRACING, DEBUG
[    5.156881] [313]: iscsi-scst: iscsi_init:4290:iSCSI SCST Target - version 3.6.0
[    5.157874] [313]: iscsi-scst: iscsit_reg_transport:52:Registered iSCSI transport: iSCSI-TCP
[    5.158988] [313]: scst: __scst_register_target_template:315:Target template iscsi registered successfully
[    5.160739] [314]: iscsi-scst: istrd:954:Read thread for pool 000000000455f2f6 started
[    5.161594] [315]: iscsi-scst: istrd:954:Read thread for pool 000000000455f2f6 started
[    5.162408] [316]: iscsi-scst: istrd:954:Read thread for pool 000000000455f2f6 started
[    5.163185] [317]: iscsi-scst: istrd:954:Read thread for pool 000000000455f2f6 started
[    5.164011] [318]: iscsi-scst: istrd:954:Read thread for pool 000000000455f2f6 started
[    5.164838] [319]: iscsi-scst: istrd:954:Read thread for pool 000000000455f2f6 started
[    5.165626] [320]: iscsi-scst: istrd:954:Read thread for pool 000000000455f2f6 started
[    5.166137] [321]: iscsi-scst: istrd:954:Read thread for pool 000000000455f2f6 started
[    5.166628] [322]: iscsi-scst: istwr:1605:Write thread for pool 000000000455f2f6 started
[    5.167133] [323]: iscsi-scst: istwr:1605:Write thread for pool 000000000455f2f6 started
[    5.167611] [324]: iscsi-scst: istwr:1605:Write thread for pool 000000000455f2f6 started
[    5.168074] [325]: iscsi-scst: istwr:1605:Write thread for pool 000000000455f2f6 started
[    5.168519] [326]: iscsi-scst: istwr:1605:Write thread for pool 000000000455f2f6 started
[    5.169131] [327]: iscsi-scst: istwr:1605:Write thread for pool 000000000455f2f6 started
[    5.169936] [328]: iscsi-scst: istwr:1605:Write thread for pool 000000000455f2f6 started
[    5.170736] [329]: iscsi-scst: istwr:1605:Write thread for pool 000000000455f2f6 started
[    5.174781] [330]: dev_vdisk: vdev_check_mode_pages_path:10425:***WARNING***: Unable to find /var/lib/scst/vdev_mode_pages (err -2), saved mode pages disabled. You should create this directory manually or reinstall SCST
[    5.177396] [330]: scst: __scst_register_virtual_dev_driver:1676:Virtual device handler vdisk_fileio for type 0 registered successfully
[    5.179175] [330]: scst: __scst_register_virtual_dev_driver:1676:Virtual device handler vdisk_blockio for type 0 registered successfully
[    5.180914] [330]: scst: __scst_register_virtual_dev_driver:1676:Virtual device handler vdisk_nullio for type 0 registered successfully
[    5.182569] [330]: scst: __scst_register_virtual_dev_driver:1676:Virtual device handler vcdrom for type 5 registered successfully
[    5.185076] [332]: scst: __scst_register_dev_driver:1567:Device handler "dev_disk" for type 0 registered successfully
[    5.186519] [332]: scst: __scst_register_dev_driver:1567:Device handler "dev_disk_perf" for type 0 registered successfully
[    5.189925] [333]: scst: __scst_register_virtual_dev_driver:1680:Virtual device handler "scst_user" registered successfully
[    5.191583] [334]: scst_user: dev_user_cleanup_thread:4050:Cleanup thread started
[    5.193349] [335]: scst: __scst_register_dev_driver:1567:Device handler "dev_raid" for type 12 registered successfully
[    5.558241] usb 2-2.3: USB disconnect, device number 3
[    5.560217] ax88179_178a 2-2.3:2.0 eth2: unregister 'ax88179_178a' usb-0000:00:14.0-2.3, ASIX AX88179 USB 3.0 Gigabit Ethernet
[    5.568857] ax88179_178a 2-2.3:2.0 eth2 (unregistered): Failed to write reg index 0x0002: -19
[    5.570089] ax88179_178a 2-2.3:2.0 eth2 (unregistered): Failed to write reg index 0x0001: -19
[    5.571409] ax88179_178a 2-2.3:2.0 eth2 (unregistered): Failed to write reg index 0x0002: -19
[    5.572664] ax88179_178a 2-2.3:2.1 eth3: unregister 'ax88179_178a' usb-0000:00:14.0-2.3, ASIX AX88179 USB 3.0 Gigabit Ethernet
[    5.580853] ax88179_178a 2-2.3:2.1 eth3 (unregistered): Failed to write reg index 0x0002: -19
[    5.582100] ax88179_178a 2-2.3:2.1 eth3 (unregistered): Failed to write reg index 0x0001: -19
[    5.583407] ax88179_178a 2-2.3:2.1 eth3 (unregistered): Failed to write reg index 0x0002: -19
[    5.843893] usb 2-2.3: new SuperSpeed USB device number 4 using xhci_hcd
[    6.010340] usb 2-2.3: New USB device found, idVendor=0b95, idProduct=1790, bcdDevice= 2.00
[    6.012654] usb 2-2.3: New USB device strings: Mfr=1, Product=2, SerialNumber=3
[    6.014524] usb 2-2.3: Product: AX88179A
[    6.015770] usb 2-2.3: Manufacturer: ASIX
[    6.016439] usb 2-2.3: SerialNumber: 0015D32E
[    6.234408] r8169 0000:01:00.0: Direct firmware load for rtl_nic/rtl8125b-2.fw failed with error -2
[    6.238261] r8169 0000:01:00.0: Unable to load firmware rtl_nic/rtl8125b-2.fw (-2)
[    6.261869] RTL8226B_RTL8221B 2.5Gbps PHY r8169-0-100:00: attached PHY driver (mii_bus:phy_addr=r8169-0-100:00, irq=MAC)
[    6.371989] r8169 0000:01:00.0 eth0: Link is Down
[    6.374757] ifconfig (347) used greatest stack depth: 12768 bytes left
[    6.722849] ax88179_178a 2-2.3:1.0 (unnamed net_device) (uninitialized): Failed to read reg index 0x0040: -32
[    7.032783] ax88179_178a 2-2.3:1.0 eth2: register 'ax88179_178a' at usb-0000:00:14.0-2.3, ASIX AX88179 USB 3.0 Gigabit Ethernet, f8:e4:3b:15:d3:2e
[    8.381559] r8169 0000:02:00.0: Direct firmware load for rtl_nic/rtl8125b-2.fw failed with error -2
[    8.384407] r8169 0000:02:00.0: Unable to load firmware rtl_nic/rtl8125b-2.fw (-2)
[    8.406869] RTL8226B_RTL8221B 2.5Gbps PHY r8169-0-200:00: attached PHY driver (mii_bus:phy_addr=r8169-0-200:00, irq=MAC)
[    8.516985] r8169 0000:02:00.0 eth1: Link is Down
[   11.130751] r8169 0000:02:00.0 eth1: Link is Up - 1Gbps/Full - flow control off
[   11.132940] IPv6: ADDRCONF(NETDEV_CHANGE): eth1: link becomes ready
[   13.856508] random: ln: uninitialized urandom read (6 bytes read)
[   13.863270] random: ln: uninitialized urandom read (6 bytes read)
[   13.934286] random: dd: uninitialized urandom read (512 bytes read)
[   15.285683] bonding: bond0 is being deleted...
[   15.286158] bond0 (unregistering): Released all slaves
[   24.532848] random: crng init done
[   24.533193] random: 4 urandom warning(s) missed due to ratelimiting
[   26.179351] ax88179_178a 2-2.3:1.0 eth2: Failed to read reg index 0x0040: -32
[   36.898559] [1809]: scst: scst_unregister_device:1163:***ERROR***: SCST device for SCSI device 4:0:0:0 not found
[   36.911863] sd 4:0:0:0: [sda] Synchronizing SCSI cache
[   41.698962] md: md8 stopped.
[   41.699782] md/raid1:md8: active with 1 out of 72 mirrors
[   41.700227] md8: detected capacity change from 0 to 3997696
[   41.712162] Adding 1998844k swap on /dev/md8.  Priority:-2 extents:1 across:1998844k 
[   63.104158] udevd[2810]: starting version 3.2.4
[   63.114738] udevd[2810]: specified group 'lp' unknown
[   63.115232] udevd[2810]: specified group 'disk' unknown
[   63.117979] udevd[2811]: starting eudev-3.2.4
[   63.121129] udevd[2811]: specified group 'lp' unknown
[   63.121591] udevd[2811]: specified group 'disk' unknown
[   63.201139] Setting dangerous option enable_guc - tainting kernel
[   63.202365] Console: switching to colour dummy device 80x25
[   63.202417] i915 0000:00:02.0: vgaarb: deactivate vga console
[   63.202836] i915 0000:00:02.0: vgaarb: changed VGA decodes: olddecodes=io+mem,decodes=io+mem:owns=io+mem
[   63.204851] i915 0000:00:02.0: [drm] Finished loading DMC firmware i915/adlp_dmc_ver2_10.bin (v2.10)
[   63.222969] i915 0000:00:02.0: [drm] GuC firmware i915/adlp_guc_62.0.3.bin version 62.0 submission:disabled
[   63.222982] i915 0000:00:02.0: [drm] GuC SLPC: disabled
[   63.222984] i915 0000:00:02.0: [drm] HuC firmware i915/tgl_huc_7.9.3.bin version 7.9 authenticated:yes
[   63.250492] [drm] Initialized i915 1.6.0 20201103 for 0000:00:02.0 on minor 0
[   63.251246] ACPI: video: Video Device [GFX0] (multi-head: yes  rom: no  post: no)
[   63.251610] input: Video Bus as /devices/LNXSYSTM:00/LNXSYBUS:00/PNP0A08:00/LNXVIDEO:00/input/input7
[   63.280610] fbcon: i915drmfb (fb0) is primary device
[   63.318384] Console: switching to colour frame buffer device 240x67
[   63.340642] i915 0000:00:02.0: [drm] fb0: i915drmfb frame buffer device
[   64.761189] ipmi device interface
[   64.762255] cryptd: max_cpu_qlen set to 1000
[   64.764905] AVX2 version of gcm_enc/dec engaged.
[   64.764973] AES CTR mode by8 optimization enabled
[  361.542545] md9: bitmap file is out of date (0 < 141) -- forcing full recovery
[  361.554857] md9: bitmap file is out of date, doing full recovery
[  361.564298] md8: bitmap file is out of date (0 < 5) -- forcing full recovery
[  361.574857] md8: bitmap file is out of date, doing full recovery
[  361.579091] udevd[5335]: error opening ATTR{/sys/devices/virtual/block/md0/md/sync_speed_min} for writing: Permission denied
[  361.579140] udevd[5335]: error opening ATTR{/sys/devices/virtual/block/md0/md/sync_speed_max} for writing: Permission denied
[  361.580296] md/raid1:md0: active with 1 out of 1 mirrors
[  361.580336] md0: detected capacity change from 0 to 955713536
[  369.842292] udevd[5539]: conflicting device node '/dev/mapper/vg0-lv0' found, link to '/dev/dm-0' will not be created
[  370.878526] udevd[5539]: conflicting device node '/dev/mapper/vg0-lv0' found, link to '/dev/dm-0' will not be created
[  370.885689] udevd[5539]: conflicting device node '/dev/mapper/vg0-lv0' found, link to '/dev/dm-0' will not be created
[  370.892359] BTRFS: device label TOS_VOL_20240810 devid 1 transid 5 /dev/vg0/lv0 scanned by mkfs.btrfs (5545)
[  370.897263] udevd[5539]: conflicting device node '/dev/mapper/vg0-lv0' found, link to '/dev/dm-0' will not be created
[  371.902794] BTRFS info (device dm-0): flagging fs with big metadata feature
[  371.902828] BTRFS info (device dm-0): enabling free space tree
[  371.902848] BTRFS info (device dm-0): using free space tree
[  371.902876] BTRFS info (device dm-0): has skinny extents
[  371.904834] BTRFS info (device dm-0): enabling ssd optimizations
[  371.905099] BTRFS info (device dm-0): creating free space tree
[  371.905182] BTRFS info (device dm-0): setting compat-ro feature flag for FREE_SPACE_TREE (0x1)
[  371.906133] BTRFS info (device dm-0): setting compat-ro feature flag for FREE_SPACE_TREE_VALID (0x2)
[  371.909436] BTRFS info (device dm-0): cleaning free space cache v1
[  371.911828] BTRFS info (device dm-0): checking UUID tree
